<html>
<body>
<pre>
<h1>µVision Build Log</h1>
<h2>Tool Versions:</h2>
IDE-Version: µVision V5.23.0.0
Copyright (C) 2017 ARM Ltd and ARM Germany GmbH. All rights reserved.
License Information: mm Windows, HP Inc., LIC=----
 
Tool Versions:
Toolchain:       MDK-Lite  Version: 5.23
Toolchain Path:  C:\My programms\Keil\ARM\ARMCC\Bin
C Compiler:      Armcc.exe V5.06 update 4 (build 422)
Assembler:       Armasm.exe V5.06 update 4 (build 422)
Linker/Locator:  ArmLink.exe V5.06 update 4 (build 422)
Library Manager: ArmAr.exe V5.06 update 4 (build 422)
Hex Converter:   FromElf.exe V5.06 update 4 (build 422)
CPU DLL:         SARMCM3.DLL V5.23
Dialog DLL:      DARMSTM.DLL V1.68.0.0
Target DLL:      STLink\ST-LINKIII-KEIL_SWO.dll V2.0.18.0
Dialog DLL:      TARMSTM.DLL V1.66.0.0
 
<h2>Project:</h2>
C:\Users\Evgeny\Desktop\assignment_3_Khomutov_Evgeniy\dummy.uvproj
Project File Date:  04/03/2019

<h2>Output:</h2>
*** Using Compiler 'V5.06 update 4 (build 422)', folder: 'C:\My programms\Keil\ARM\ARMCC\Bin'
Rebuild target 'Target 1'
assembling startup_stm32f103x6.s...
compiling main.c...
compiling system_stm32f10x.c...
compiling stm32f10x_adc.c...
compiling stm32f10x_dma.c...
compiling stm32f10x_gpio.c...
compiling stm32f10x_rcc.c...
compiling misc.c...
compiling motor_voltage.c...
compiling adc.c...
compiling stm32f10x_tim.c...
compiling motor_regulator.c...
compiling motor_revert.c...
linking...
Program Size: Code=14764 RO-data=332 RW-data=180 ZI-data=1124  
FromELF: creating hex file...
".\obj\dummy.axf" - 0 Error(s), 0 Warning(s).
Build Time Elapsed:  00:00:11
</pre>
</body>
</html>
