<html>
<body>
<pre>
<h1>µVision Build Log</h1>
<h2>Tool Versions:</h2>
IDE-Version: µVision V5.23.0.0
Copyright (C) 2017 ARM Ltd and ARM Germany GmbH. All rights reserved.
License Information: mm Windows, HP Inc., LIC=----
 
Tool Versions:
Toolchain:       MDK-Lite  Version: 5.23
Toolchain Path:  C:\My programms\Keil\ARM\ARMCC\Bin
C Compiler:      Armcc.exe V5.06 update 4 (build 422)
Assembler:       Armasm.exe V5.06 update 4 (build 422)
Linker/Locator:  ArmLink.exe V5.06 update 4 (build 422)
Library Manager: ArmAr.exe V5.06 update 4 (build 422)
Hex Converter:   FromElf.exe V5.06 update 4 (build 422)
CPU DLL:         SARMCM3.DLL V5.23
Dialog DLL:      DARMSTM.DLL V1.68.0.0
Target DLL:      STLink\ST-LINKIII-KEIL_SWO.dll V2.0.18.0
Dialog DLL:      TARMSTM.DLL V1.66.0.0
 
<h2>Project:</h2>
C:\Users\Evgeny\Desktop\MK\Bubnikov_1_lab\ïðèìåðû\ïðèìåðû\timer\newprj.uvproj
Project File Date:  10/15/2018

<h2>Output:</h2>
*** Using Compiler 'V5.06 update 4 (build 422)', folder: 'C:\My programms\Keil\ARM\ARMCC\Bin'
*** Note: Rebuilding project, since 'Options->Output->Create Batch File' is selected.
Rebuild target 'newprj'
compiling core_cm3.c...
Warning: C4052E: couldn't read file 'filename': No such file or directory
compiling system_stm32f10x.c...
Warning: C4052E: couldn't read file 'filename': No such file or directory
assembling startup_stm32f10x_md.s...
compiling stm32f10x_rcc.c...
Warning: C4052E: couldn't read file 'filename': No such file or directory
compiling stm32f10x_gpio.c...
Warning: C4052E: couldn't read file 'filename': No such file or directory
compiling misc.c...
Warning: C4052E: couldn't read file 'filename': No such file or directory
compiling stm32f10x_tim.c...
Warning: C4052E: couldn't read file 'filename': No such file or directory
compiling stm32f10x_usart.c...
Warning: C4052E: couldn't read file 'filename': No such file or directory
compiling stm32f10x_adc.c...
Warning: C4052E: couldn't read file 'filename': No such file or directory
compiling stm32f10x_dma.c...
Warning: C4052E: couldn't read file 'filename': No such file or directory
compiling stm32f10x_flash.c...
Warning: C4052E: couldn't read file 'filename': No such file or directory
compiling stm32f10x_iwdg.c...
Warning: C4052E: couldn't read file 'filename': No such file or directory
compiling stm32f10x_exti.c...
Warning: C4052E: couldn't read file 'filename': No such file or directory
compiling stm32f10x_spi.c...
Warning: C4052E: couldn't read file 'filename': No such file or directory
compiling main.c...
Warning: C4052E: couldn't read file 'filename': No such file or directory
compiling led.c...
Warning: C4052E: couldn't read file 'filename': No such file or directory
compiling timer.c...
Warning: C4052E: couldn't read file 'filename': No such file or directory
linking...
Program Size: Code=6324 RO-data=304 RW-data=44 ZI-data=1028  
FromELF: creating hex file...
".\output\output.elf" - 0 Error(s), 0 Warning(s).
Build Time Elapsed:  00:00:21
</pre>
</body>
</html>
