Component: ARM Compiler 5.06 update 4 (build 422) Tool: armlink [4d35d2]

==============================================================================

Section Cross References

    main.o(.text) refers to fflt_clz.o(x$fpl$fflt) for __aeabi_i2f
    main.o(.text) refers to fmul.o(x$fpl$fmul) for __aeabi_fmul
    main.o(.text) refers to fdiv.o(x$fpl$fdiv) for __aeabi_fdiv
    main.o(.text) refers to ffix.o(x$fpl$ffix) for __aeabi_f2iz
    main.o(.text) refers to motor_voltage.o(.text) for initPWM
    main.o(.text) refers to adc.o(.text) for adc_init
    main.o(.text) refers to motor_regulator.o(.text) for pid_regulator
    main.o(.text) refers to motor_revert.o(.text) for motor_current_getCurrent
    main.o(.text) refers to main.o(.data) for timeStampMs
    main.o(.text) refers to system_stm32f10x.o(.data) for SystemCoreClock
    system_stm32f10x.o(.text) refers to system_stm32f10x.o(.data) for SystemCoreClock
    startup_stm32f103x6.o(STACK) refers (Special) to heapauxi.o(.text) for __use_two_region_memory
    startup_stm32f103x6.o(HEAP) refers (Special) to heapauxi.o(.text) for __use_two_region_memory
    startup_stm32f103x6.o(RESET) refers (Special) to heapauxi.o(.text) for __use_two_region_memory
    startup_stm32f103x6.o(RESET) refers to startup_stm32f103x6.o(STACK) for __initial_sp
    startup_stm32f103x6.o(RESET) refers to startup_stm32f103x6.o(.text) for Reset_Handler
    startup_stm32f103x6.o(RESET) refers to main.o(.text) for SysTick_Handler
    startup_stm32f103x6.o(.text) refers (Special) to heapauxi.o(.text) for __use_two_region_memory
    startup_stm32f103x6.o(.text) refers to system_stm32f10x.o(.text) for SystemInit
    startup_stm32f103x6.o(.text) refers to __main.o(!!!main) for __main
    startup_stm32f103x6.o(.text) refers to startup_stm32f103x6.o(HEAP) for Heap_Mem
    startup_stm32f103x6.o(.text) refers to startup_stm32f103x6.o(STACK) for Stack_Mem
    stm32f10x_adc.o(.text) refers to main.o(.text) for assert_failed
    stm32f10x_adc.o(.text) refers to stm32f10x_rcc.o(.text) for RCC_APB2PeriphResetCmd
    stm32f10x_adc.o(.text) refers to main.o(.text) for assert_failed
    stm32f10x_adc.o(.text) refers to main.o(.text) for assert_failed
    stm32f10x_adc.o(.text) refers to main.o(.text) for assert_failed
    stm32f10x_adc.o(.text) refers to main.o(.text) for assert_failed
    stm32f10x_adc.o(.text) refers to main.o(.text) for assert_failed
    stm32f10x_adc.o(.text) refers to main.o(.text) for assert_failed
    stm32f10x_adc.o(.text) refers to main.o(.text) for assert_failed
    stm32f10x_adc.o(.text) refers to main.o(.text) for assert_failed
    stm32f10x_adc.o(.text) refers to main.o(.text) for assert_failed
    stm32f10x_adc.o(.text) refers to main.o(.text) for assert_failed
    stm32f10x_adc.o(.text) refers to main.o(.text) for assert_failed
    stm32f10x_adc.o(.text) refers to main.o(.text) for assert_failed
    stm32f10x_adc.o(.text) refers to main.o(.text) for assert_failed
    stm32f10x_adc.o(.text) refers to main.o(.text) for assert_failed
    stm32f10x_adc.o(.text) refers to main.o(.text) for assert_failed
    stm32f10x_adc.o(.text) refers to main.o(.text) for assert_failed
    stm32f10x_adc.o(.text) refers to main.o(.text) for assert_failed
    stm32f10x_adc.o(.text) refers to main.o(.text) for assert_failed
    stm32f10x_adc.o(.text) refers to main.o(.text) for assert_failed
    stm32f10x_adc.o(.text) refers to main.o(.text) for assert_failed
    stm32f10x_adc.o(.text) refers to main.o(.text) for assert_failed
    stm32f10x_adc.o(.text) refers to main.o(.text) for assert_failed
    stm32f10x_adc.o(.text) refers to main.o(.text) for assert_failed
    stm32f10x_adc.o(.text) refers to main.o(.text) for assert_failed
    stm32f10x_adc.o(.text) refers to main.o(.text) for assert_failed
    stm32f10x_adc.o(.text) refers to main.o(.text) for assert_failed
    stm32f10x_adc.o(.text) refers to main.o(.text) for assert_failed
    stm32f10x_adc.o(.text) refers to main.o(.text) for assert_failed
    stm32f10x_adc.o(.text) refers to main.o(.text) for assert_failed
    stm32f10x_dma.o(.text) refers to main.o(.text) for assert_failed
    stm32f10x_dma.o(.text) refers to main.o(.text) for assert_failed
    stm32f10x_dma.o(.text) refers to main.o(.text) for assert_failed
    stm32f10x_dma.o(.text) refers to main.o(.text) for assert_failed
    stm32f10x_dma.o(.text) refers to main.o(.text) for assert_failed
    stm32f10x_dma.o(.text) refers to main.o(.text) for assert_failed
    stm32f10x_dma.o(.text) refers to main.o(.text) for assert_failed
    stm32f10x_dma.o(.text) refers to main.o(.text) for assert_failed
    stm32f10x_dma.o(.text) refers to main.o(.text) for assert_failed
    stm32f10x_gpio.o(.text) refers to main.o(.text) for assert_failed
    stm32f10x_gpio.o(.text) refers to stm32f10x_rcc.o(.text) for RCC_APB2PeriphResetCmd
    stm32f10x_gpio.o(.text) refers to stm32f10x_rcc.o(.text) for RCC_APB2PeriphResetCmd
    stm32f10x_gpio.o(.text) refers to main.o(.text) for assert_failed
[...]
    libinit2.o(.ARM.Collect$$libinit$$00000016) refers to libinit2.o(.ARM.Collect$$libinit$$0000000F) for .ARM.Collect$$libinit$$0000000F
    libinit2.o(.ARM.Collect$$libinit$$00000018) refers to libinit2.o(.ARM.Collect$$libinit$$0000000F) for .ARM.Collect$$libinit$$0000000F
    libinit2.o(.ARM.Collect$$libinit$$00000026) refers to argv_veneer.o(.emb_text) for __ARM_argv_veneer
    libinit2.o(.ARM.Collect$$libinit$$00000027) refers to argv_veneer.o(.emb_text) for __ARM_argv_veneer
    trapv.o(x$fpl$trapveneer) refers (Special) to usenofp.o(x$fpl$usenofp) for __I$use$fp
    rtexit2.o(.ARM.Collect$$rtexit$$00000003) refers to libshutdown.o(.ARM.Collect$$libshutdown$$00000000) for __rt_lib_shutdown
    rtexit2.o(.ARM.Collect$$rtexit$$00000004) refers to sys_exit.o(.text) for _sys_exit
    rtexit2.o(.ARM.exidx) refers to rtexit2.o(.ARM.Collect$$rtexit$$00000001) for .ARM.Collect$$rtexit$$00000001
    rtexit2.o(.ARM.exidx) refers to rtexit2.o(.ARM.Collect$$rtexit$$00000003) for .ARM.Collect$$rtexit$$00000003
    rtexit2.o(.ARM.exidx) refers to rtexit2.o(.ARM.Collect$$rtexit$$00000004) for .ARM.Collect$$rtexit$$00000004
    argv_veneer.o(.emb_text) refers to no_argv.o(.text) for __ARM_get_argv
    sys_exit.o(.text) refers (Special) to use_no_semi.o(.text) for __I$use$semihosting
    sys_exit.o(.text) refers (Special) to indicate_semi.o(.text) for __semihosting_library_function
    _get_argv_nomalloc.o(.text) refers (Special) to hrguard.o(.text) for __heap_region$guard
    _get_argv_nomalloc.o(.text) refers to defsig_rtmem_outer.o(.text) for __rt_SIGRTMEM
    _get_argv_nomalloc.o(.text) refers to sys_command.o(.text) for _sys_command_string
    libshutdown.o(.ARM.Collect$$libshutdown$$00000000) refers (Special) to libshutdown2.o(.ARM.Collect$$libshutdown$$00000002) for __rt_lib_shutdown_cpp_1
    libshutdown.o(.ARM.Collect$$libshutdown$$00000000) refers (Special) to libshutdown2.o(.ARM.Collect$$libshutdown$$00000007) for __rt_lib_shutdown_fp_trap_1
    libshutdown.o(.ARM.Collect$$libshutdown$$00000000) refers (Special) to libshutdown2.o(.ARM.Collect$$libshutdown$$0000000F) for __rt_lib_shutdown_heap_1
    libshutdown.o(.ARM.Collect$$libshutdown$$00000000) refers (Special) to libshutdown2.o(.ARM.Collect$$libshutdown$$00000010) for __rt_lib_shutdown_return
    libshutdown.o(.ARM.Collect$$libshutdown$$00000000) refers (Special) to libshutdown2.o(.ARM.Collect$$libshutdown$$0000000A) for __rt_lib_shutdown_signal_1
    libshutdown.o(.ARM.Collect$$libshutdown$$00000000) refers (Special) to libshutdown2.o(.ARM.Collect$$libshutdown$$00000004) for __rt_lib_shutdown_stdio_1
    libshutdown.o(.ARM.Collect$$libshutdown$$00000000) refers (Special) to libshutdown2.o(.ARM.Collect$$libshutdown$$0000000C) for __rt_lib_shutdown_user_alloc_1
    sys_command.o(.text) refers (Special) to use_no_semi.o(.text) for __I$use$semihosting
    sys_command.o(.text) refers (Special) to indicate_semi.o(.text) for __semihosting_library_function
    defsig_rtmem_outer.o(.text) refers to defsig_rtmem_inner.o(.text) for __rt_SIGRTMEM_inner
    defsig_rtmem_outer.o(.text) refers to defsig_exit.o(.text) for __sig_exit
    defsig_rtmem_formal.o(.text) refers to rt_raise.o(.text) for __rt_raise
    rt_raise.o(.text) refers to __raise.o(.text) for __raise
    rt_raise.o(.text) refers to sys_exit.o(.text) for _sys_exit
    defsig_exit.o(.text) refers to sys_exit.o(.text) for _sys_exit
    defsig_rtmem_inner.o(.text) refers to defsig_general.o(.text) for __default_signal_display
    __raise.o(.text) refers to defsig.o(CL$$defsig) for __default_signal_handler
    defsig_general.o(.text) refers to sys_wrch.o(.text) for _ttywrch
    sys_wrch.o(.text) refers (Special) to use_no_semi.o(.text) for __I$use$semihosting
    sys_wrch.o(.text) refers (Special) to indicate_semi.o(.text) for __semihosting_library_function
    defsig.o(CL$$defsig) refers to defsig_rtmem_inner.o(.text) for __rt_SIGRTMEM_inner
    defsig_abrt_inner.o(.text) refers to defsig_general.o(.text) for __default_signal_display
    defsig_fpe_inner.o(.text) refers to defsig_general.o(.text) for __default_signal_display
    defsig_rtred_inner.o(.text) refers to defsig_general.o(.text) for __default_signal_display
    defsig_stak_inner.o(.text) refers to defsig_general.o(.text) for __default_signal_display
    defsig_pvfn_inner.o(.text) refers to defsig_general.o(.text) for __default_signal_display
    defsig_cppl_inner.o(.text) refers to defsig_general.o(.text) for __default_signal_display
    defsig_segv_inner.o(.text) refers to defsig_general.o(.text) for __default_signal_display
    defsig_other.o(.text) refers to defsig_general.o(.text) for __default_signal_display


==============================================================================

Removing Unused input sections from the image.

    Removing main.o(.rev16_text), (4 bytes).
    Removing main.o(.revsh_text), (4 bytes).
    Removing main.o(.rrx_text), (6 bytes).
    Removing main.o(.text), (18 bytes).
    Removing main.o(.text), (18 bytes).
    Removing system_stm32f10x.o(.rev16_text), (4 bytes).
    Removing system_stm32f10x.o(.revsh_text), (4 bytes).
    Removing system_stm32f10x.o(.rrx_text), (6 bytes).
    Removing system_stm32f10x.o(.text), (164 bytes).
    Removing stm32f10x_adc.o(.rev16_text), (4 bytes).
    Removing stm32f10x_adc.o(.revsh_text), (4 bytes).
    Removing stm32f10x_adc.o(.rrx_text), (6 bytes).
    Removing stm32f10x_adc.o(.text), (148 bytes).
    Removing stm32f10x_adc.o(.text), (18 bytes).
    Removing stm32f10x_adc.o(.text), (144 bytes).
    Removing stm32f10x_adc.o(.text), (84 bytes).
    Removing stm32f10x_adc.o(.text), (96 bytes).
    Removing stm32f10x_adc.o(.text), (84 bytes).
    Removing stm32f10x_adc.o(.text), (96 bytes).
    Removing stm32f10x_adc.o(.text), (96 bytes).
    Removing stm32f10x_adc.o(.text), (120 bytes).
    Removing stm32f10x_adc.o(.text), (116 bytes).
    Removing stm32f10x_adc.o(.text), (116 bytes).
    Removing stm32f10x_adc.o(.text), (80 bytes).
    Removing stm32f10x_adc.o(.text), (12 bytes).
    Removing stm32f10x_adc.o(.text), (116 bytes).
    Removing stm32f10x_adc.o(.text), (116 bytes).
    Removing stm32f10x_adc.o(.text), (176 bytes).
    Removing stm32f10x_adc.o(.text), (116 bytes).
    Removing stm32f10x_adc.o(.text), (116 bytes).
    Removing stm32f10x_adc.o(.text), (96 bytes).
    Removing stm32f10x_adc.o(.text), (368 bytes).
    Removing stm32f10x_adc.o(.text), (120 bytes).
    Removing stm32f10x_adc.o(.text), (144 bytes).
    Removing stm32f10x_adc.o(.text), (128 bytes).
    Removing stm32f10x_adc.o(.text), (156 bytes).
    Removing stm32f10x_adc.o(.text), (120 bytes).
    Removing stm32f10x_adc.o(.text), (172 bytes).
    Removing stm32f10x_adc.o(.text), (84 bytes).
    Removing stm32f10x_adc.o(.text), (128 bytes).
    Removing stm32f10x_adc.o(.text), (104 bytes).
    Removing stm32f10x_adc.o(.text), (148 bytes).
    Removing stm32f10x_adc.o(.text), (108 bytes).
    Removing stm32f10x_dma.o(.rev16_text), (4 bytes).
    Removing stm32f10x_dma.o(.revsh_text), (4 bytes).
    Removing stm32f10x_dma.o(.rrx_text), (6 bytes).
    Removing stm32f10x_dma.o(.text), (468 bytes).
    Removing stm32f10x_dma.o(.text), (26 bytes).
    Removing stm32f10x_dma.o(.text), (204 bytes).
    Removing stm32f10x_dma.o(.text), (152 bytes).
    Removing stm32f10x_dma.o(.text), (152 bytes).
    Removing stm32f10x_dma.o(.text), (416 bytes).
    Removing stm32f10x_dma.o(.text), (88 bytes).
    Removing stm32f10x_dma.o(.text), (416 bytes).
    Removing stm32f10x_dma.o(.text), (88 bytes).
    Removing stm32f10x_gpio.o(.rev16_text), (4 bytes).
    Removing stm32f10x_gpio.o(.revsh_text), (4 bytes).
    Removing stm32f10x_gpio.o(.rrx_text), (6 bytes).
    Removing stm32f10x_gpio.o(.text), (284 bytes).
    Removing stm32f10x_gpio.o(.text), (20 bytes).
    Removing stm32f10x_gpio.o(.text), (232 bytes).
    Removing stm32f10x_gpio.o(.text), (124 bytes).
    Removing stm32f10x_gpio.o(.text), (232 bytes).
    Removing stm32f10x_gpio.o(.text), (124 bytes).
    Removing stm32f10x_gpio.o(.text), (144 bytes).
    Removing stm32f10x_gpio.o(.text), (144 bytes).
    Removing stm32f10x_gpio.o(.text), (244 bytes).
    Removing stm32f10x_gpio.o(.text), (124 bytes).
    Removing stm32f10x_gpio.o(.text), (156 bytes).
    Removing stm32f10x_gpio.o(.text), (172 bytes).
    Removing stm32f10x_gpio.o(.text), (64 bytes).
    Removing stm32f10x_gpio.o(.text), (568 bytes).
    Removing stm32f10x_gpio.o(.text), (212 bytes).
    Removing stm32f10x_gpio.o(.text), (64 bytes).
    Removing stm32f10x_rcc.o(.rev16_text), (4 bytes).
    Removing stm32f10x_rcc.o(.revsh_text), (4 bytes).
    Removing stm32f10x_rcc.o(.rrx_text), (6 bytes).
    Removing stm32f10x_rcc.o(.text), (76 bytes).
    Removing stm32f10x_rcc.o(.text), (132 bytes).
    Removing stm32f10x_rcc.o(.text), (152 bytes).
    Removing stm32f10x_rcc.o(.text), (56 bytes).
    Removing stm32f10x_rcc.o(.text), (72 bytes).
    Removing stm32f10x_rcc.o(.text), (60 bytes).
    Removing stm32f10x_rcc.o(.text), (184 bytes).
    Removing stm32f10x_rcc.o(.text), (60 bytes).
    Removing stm32f10x_rcc.o(.text), (76 bytes).
    Removing stm32f10x_rcc.o(.text), (16 bytes).
    Removing stm32f10x_rcc.o(.text), (100 bytes).
    Removing stm32f10x_rcc.o(.text), (92 bytes).
    Removing stm32f10x_rcc.o(.text), (92 bytes).
    Removing stm32f10x_rcc.o(.text), (104 bytes).
    Removing stm32f10x_rcc.o(.text), (60 bytes).
    Removing stm32f10x_rcc.o(.text), (84 bytes).
    Removing stm32f10x_rcc.o(.text), (104 bytes).
    Removing stm32f10x_rcc.o(.text), (60 bytes).
    Removing stm32f10x_rcc.o(.text), (80 bytes).
    Removing stm32f10x_rcc.o(.text), (60 bytes).
    Removing stm32f10x_rcc.o(.text), (212 bytes).
    Removing stm32f10x_rcc.o(.text), (108 bytes).
    Removing stm32f10x_rcc.o(.text), (108 bytes).
    Removing stm32f10x_rcc.o(.text), (108 bytes).
    Removing stm32f10x_rcc.o(.text), (60 bytes).
    Removing stm32f10x_rcc.o(.text), (60 bytes).
    Removing stm32f10x_rcc.o(.text), (72 bytes).
    Removing stm32f10x_rcc.o(.text), (20 bytes).
    Removing stm32f10x_rcc.o(.text), (92 bytes).
    Removing stm32f10x_rcc.o(.text), (64 bytes).
    Removing stm32f10x_rcc.o(.data), (20 bytes).
    Removing misc.o(.rev16_text), (4 bytes).
    Removing misc.o(.revsh_text), (4 bytes).
    Removing misc.o(.rrx_text), (6 bytes).
    Removing misc.o(.text), (84 bytes).
    Removing misc.o(.text), (192 bytes).
    Removing misc.o(.text), (92 bytes).
    Removing misc.o(.text), (96 bytes).
    Removing misc.o(.text), (84 bytes).
    Removing stm32f10x_tim.o(.rev16_text), (4 bytes).
    Removing stm32f10x_tim.o(.revsh_text), (4 bytes).
    Removing stm32f10x_tim.o(.rrx_text), (6 bytes).
    Removing stm32f10x_tim.o(.text), (628 bytes).
    Removing stm32f10x_tim.o(.text), (340 bytes).
    Removing stm32f10x_tim.o(.text), (156 bytes).
    Removing stm32f10x_tim.o(.text), (148 bytes).
    Removing stm32f10x_tim.o(.text), (184 bytes).
    Removing stm32f10x_tim.o(.text), (236 bytes).
    Removing stm32f10x_tim.o(.text), (664 bytes).
    Removing stm32f10x_tim.o(.text), (252 bytes).
    Removing stm32f10x_tim.o(.text), (288 bytes).
    Removing stm32f10x_tim.o(.text), (18 bytes).
    Removing stm32f10x_tim.o(.text), (18 bytes).
    Removing stm32f10x_tim.o(.text), (272 bytes).
    Removing stm32f10x_tim.o(.text), (236 bytes).
    Removing stm32f10x_tim.o(.text), (348 bytes).
    Removing stm32f10x_tim.o(.text), (212 bytes).
    Removing stm32f10x_tim.o(.text), (144 bytes).
    Removing stm32f10x_tim.o(.text), (192 bytes).
    Removing stm32f10x_tim.o(.text), (176 bytes).
    Removing stm32f10x_tim.o(.text), (248 bytes).
    Removing stm32f10x_tim.o(.text), (212 bytes).
    Removing stm32f10x_tim.o(.text), (220 bytes).
    Removing stm32f10x_tim.o(.text), (200 bytes).
    Removing stm32f10x_tim.o(.text), (240 bytes).
    Removing stm32f10x_tim.o(.text), (148 bytes).
    Removing stm32f10x_tim.o(.text), (264 bytes).
    Removing stm32f10x_tim.o(.text), (228 bytes).
    Removing stm32f10x_tim.o(.text), (176 bytes).
    Removing stm32f10x_tim.o(.text), (140 bytes).
    Removing stm32f10x_tim.o(.text), (148 bytes).
    Removing stm32f10x_tim.o(.text), (256 bytes).
    Removing stm32f10x_tim.o(.text), (140 bytes).
    Removing stm32f10x_tim.o(.text), (176 bytes).
    Removing stm32f10x_tim.o(.text), (156 bytes).
    Removing stm32f10x_tim.o(.text), (228 bytes).
    Removing stm32f10x_tim.o(.text), (176 bytes).
    Removing stm32f10x_tim.o(.text), (136 bytes).
    Removing stm32f10x_tim.o(.text), (144 bytes).
    Removing stm32f10x_tim.o(.text), (228 bytes).
    Removing stm32f10x_tim.o(.text), (176 bytes).
    Removing stm32f10x_tim.o(.text), (136 bytes).
    Removing stm32f10x_tim.o(.text), (144 bytes).
    Removing stm32f10x_tim.o(.text), (136 bytes).
    Removing stm32f10x_tim.o(.text), (144 bytes).
    Removing stm32f10x_tim.o(.text), (136 bytes).
    Removing stm32f10x_tim.o(.text), (144 bytes).
    Removing stm32f10x_tim.o(.text), (228 bytes).
    Removing stm32f10x_tim.o(.text), (132 bytes).
    Removing stm32f10x_tim.o(.text), (176 bytes).
    Removing stm32f10x_tim.o(.text), (108 bytes).
    Removing stm32f10x_tim.o(.text), (144 bytes).
    Removing stm32f10x_tim.o(.text), (108 bytes).
    Removing stm32f10x_tim.o(.text), (144 bytes).
    Removing stm32f10x_tim.o(.text), (272 bytes).
    Removing stm32f10x_tim.o(.text), (172 bytes).
    Removing stm32f10x_tim.o(.text), (348 bytes).
    Removing stm32f10x_tim.o(.text), (256 bytes).
    Removing stm32f10x_tim.o(.text), (256 bytes).
    Removing stm32f10x_tim.o(.text), (176 bytes).
    Removing stm32f10x_tim.o(.text), (248 bytes).
    Removing stm32f10x_tim.o(.text), (212 bytes).
    Removing stm32f10x_tim.o(.text), (180 bytes).
    Removing stm32f10x_tim.o(.text), (168 bytes).
    Removing stm32f10x_tim.o(.text), (216 bytes).
    Removing stm32f10x_tim.o(.text), (216 bytes).
    Removing stm32f10x_tim.o(.text), (108 bytes).
    Removing stm32f10x_tim.o(.text), (236 bytes).
    Removing stm32f10x_tim.o(.text), (196 bytes).
    Removing stm32f10x_tim.o(.text), (136 bytes).
    Removing stm32f10x_tim.o(.text), (104 bytes).
    Removing stm32f10x_tim.o(.text), (108 bytes).
    Removing stm32f10x_tim.o(.text), (216 bytes).
    Removing stm32f10x_tim.o(.text), (216 bytes).
    Removing stm32f10x_tim.o(.text), (300 bytes).
    Removing stm32f10x_tim.o(.text), (240 bytes).
    Removing stm32f10x_tim.o(.text), (296 bytes).
    Removing stm32f10x_tim.o(.text), (240 bytes).
    Removing motor_voltage.o(.rev16_text), (4 bytes).
    Removing motor_voltage.o(.revsh_text), (4 bytes).
    Removing motor_voltage.o(.rrx_text), (6 bytes).
    Removing motor_voltage.o(.text), (22 bytes).
    Removing adc.o(.rev16_text), (4 bytes).
    Removing adc.o(.revsh_text), (4 bytes).
    Removing adc.o(.rrx_text), (6 bytes).
    Removing motor_regulator.o(.rev16_text), (4 bytes).
    Removing motor_regulator.o(.revsh_text), (4 bytes).
    Removing motor_regulator.o(.rrx_text), (6 bytes).
    Removing motor_revert.o(.rev16_text), (4 bytes).
    Removing motor_revert.o(.revsh_text), (4 bytes).
    Removing motor_revert.o(.rrx_text), (6 bytes).

208 unused section(s) (total 27774 bytes) removed from the image.

==============================================================================

Image Symbol Table

    Local Symbols

    Symbol Name                              Value     Ov Type        Size  Object(Section)

    ../clib/angel/boardlib.s                 0x00000000   Number         0  boardinit2.o ABSOLUTE
    ../clib/angel/boardlib.s                 0x00000000   Number         0  boardshut.o ABSOLUTE
    ../clib/angel/boardlib.s                 0x00000000   Number         0  boardinit1.o ABSOLUTE
    ../clib/angel/boardlib.s                 0x00000000   Number         0  boardinit3.o ABSOLUTE
    ../clib/angel/handlers.s                 0x00000000   Number         0  __scatter_zi.o ABSOLUTE
    ../clib/angel/handlers.s                 0x00000000   Number         0  __scatter_copy.o ABSOLUTE
    ../clib/angel/kernel.s                   0x00000000   Number         0  __rtentry2.o ABSOLUTE
    ../clib/angel/kernel.s                   0x00000000   Number         0  __rtentry4.o ABSOLUTE
    ../clib/angel/kernel.s                   0x00000000   Number         0  __rtentry.o ABSOLUTE
    ../clib/angel/kernel.s                   0x00000000   Number         0  rtexit2.o ABSOLUTE
    ../clib/angel/kernel.s                   0x00000000   Number         0  rtexit.o ABSOLUTE
    ../clib/angel/rt.s                       0x00000000   Number         0  rt_errno_addr.o ABSOLUTE
    ../clib/angel/rt.s                       0x00000000   Number         0  rt_errno_addr_intlibspace.o ABSOLUTE
    ../clib/angel/rt.s                       0x00000000   Number         0  rt_raise.o ABSOLUTE
    ../clib/angel/scatter.s                  0x00000000   Number         0  __scatter.o ABSOLUTE
    ../clib/angel/startup.s                  0x00000000   Number         0  __main.o ABSOLUTE
    ../clib/angel/sys.s                      0x00000000   Number         0  libspace.o ABSOLUTE
    ../clib/angel/sys.s                      0x00000000   Number         0  sys_stackheap_outer.o ABSOLUTE
    ../clib/angel/sys.s                      0x00000000   Number         0  use_no_semi.o ABSOLUTE
    ../clib/angel/sys.s                      0x00000000   Number         0  indicate_semi.o ABSOLUTE
    ../clib/angel/sysapp.c                   0x00000000   Number         0  sys_exit.o ABSOLUTE
    ../clib/angel/sysapp.c                   0x00000000   Number         0  sys_command.o ABSOLUTE
    ../clib/angel/sysapp.c                   0x00000000   Number         0  sys_wrch.o ABSOLUTE
    ../clib/armsys.c                         0x00000000   Number         0  no_argv.o ABSOLUTE
    ../clib/armsys.c                         0x00000000   Number         0  _get_argv_nomalloc.o ABSOLUTE
    ../clib/armsys.c                         0x00000000   Number         0  argv_veneer.o ABSOLUTE
    ../clib/armsys.c                         0x00000000   Number         0  argv_veneer.o ABSOLUTE
    ../clib/fenv.c                           0x00000000   Number         0  _rserrno.o ABSOLUTE
    ../clib/heapalloc.c                      0x00000000   Number         0  hrguard.o ABSOLUTE
    ../clib/heapaux.c                        0x00000000   Number         0  heapauxi.o ABSOLUTE
    ../clib/libinit.s                        0x00000000   Number         0  libinit2.o ABSOLUTE
    ../clib/libinit.s                        0x00000000   Number         0  libinit.o ABSOLUTE
    ../clib/libinit.s                        0x00000000   Number         0  libshutdown.o ABSOLUTE
    ../clib/libinit.s                        0x00000000   Number         0  libshutdown2.o ABSOLUTE
    ../clib/signal.c                         0x00000000   Number         0  defsig_stak_inner.o ABSOLUTE
    ../clib/signal.c                         0x00000000   Number         0  defsig_rtred_inner.o ABSOLUTE
    ../clib/signal.c                         0x00000000   Number         0  defsig_fpe_inner.o ABSOLUTE
    ../clib/signal.c                         0x00000000   Number         0  defsig_other.o ABSOLUTE
    ../clib/signal.c                         0x00000000   Number         0  defsig_general.o ABSOLUTE
    ../clib/signal.c                         0x00000000   Number         0  defsig_abrt_inner.o ABSOLUTE
    ../clib/signal.c                         0x00000000   Number         0  defsig_segv_inner.o ABSOLUTE
    ../clib/signal.c                         0x00000000   Number         0  __raise.o ABSOLUTE
    ../clib/signal.c                         0x00000000   Number         0  defsig_cppl_inner.o ABSOLUTE
    ../clib/signal.c                         0x00000000   Number         0  defsig_rtmem_outer.o ABSOLUTE
    ../clib/signal.c                         0x00000000   Number         0  defsig_rtmem_inner.o ABSOLUTE
    ../clib/signal.c                         0x00000000   Number         0  defsig_rtmem_formal.o ABSOLUTE
    ../clib/signal.c                         0x00000000   Number         0  defsig_pvfn_inner.o ABSOLUTE
    ../clib/signal.c                         0x00000000   Number         0  defsig_exit.o ABSOLUTE
    ../clib/signal.s                         0x00000000   Number         0  defsig.o ABSOLUTE
    ../clib/stdlib.c                         0x00000000   Number         0  exit.o ABSOLUTE
    ../fplib/d2f.s                           0x00000000   Number         0  d2f.o ABSOLUTE
    ../fplib/daddsub.s                       0x00000000   Number         0  daddsub_clz.o ABSOLUTE
    ../fplib/dcheck1.s                       0x00000000   Number         0  dcheck1.o ABSOLUTE
    ../fplib/dcmpi.s                         0x00000000   Number         0  dcmpi.o ABSOLUTE
    ../fplib/ddiv.s                          0x00000000   Number         0  ddiv.o ABSOLUTE
    ../fplib/deqf.s                          0x00000000   Number         0  deqf.o ABSOLUTE
    ../fplib/dfix.s                          0x00000000   Number         0  dfix.o ABSOLUTE
    ../fplib/dflt.s                          0x00000000   Number         0  dflt_clz.o ABSOLUTE
    ../fplib/dmul.s                          0x00000000   Number         0  dmul.o ABSOLUTE
    ../fplib/dnaninf.s                       0x00000000   Number         0  dnaninf.o ABSOLUTE
    ../fplib/dretinf.s                       0x00000000   Number         0  dretinf.o ABSOLUTE
    ../fplib/f2d.s                           0x00000000   Number         0  f2d.o ABSOLUTE
    ../fplib/faddsub.s                       0x00000000   Number         0  faddsub_clz.o ABSOLUTE
    ../fplib/fcheck1.s                       0x00000000   Number         0  fcheck1.o ABSOLUTE
    ../fplib/fcmpi.s                         0x00000000   Number         0  fcmpi.o ABSOLUTE
    ../fplib/fdiv.s                          0x00000000   Number         0  fdiv.o ABSOLUTE
    ../fplib/feqf.s                          0x00000000   Number         0  feqf.o ABSOLUTE
    ../fplib/ffix.s                          0x00000000   Number         0  ffix.o ABSOLUTE
    ../fplib/fflt.s                          0x00000000   Number         0  fflt_clz.o ABSOLUTE
    ../fplib/fleqf.s                         0x00000000   Number         0  fleqf.o ABSOLUTE
    ../fplib/fmul.s                          0x00000000   Number         0  fmul.o ABSOLUTE
    ../fplib/fnaninf.s                       0x00000000   Number         0  fnaninf.o ABSOLUTE
    ../fplib/fpinit.s                        0x00000000   Number         0  fpinit.o ABSOLUTE
    ../fplib/fretinf.s                       0x00000000   Number         0  fretinf.o ABSOLUTE
    ../fplib/frnd.s                          0x00000000   Number         0  frnd.o ABSOLUTE
    ../fplib/istatus.s                       0x00000000   Number         0  istatus.o ABSOLUTE
    ../fplib/retnan.s                        0x00000000   Number         0  retnan.o ABSOLUTE
    ../fplib/scalbn.s                        0x00000000   Number         0  scalbn.o ABSOLUTE
    ../fplib/scalbnf.s                       0x00000000   Number         0  scalbnf.o ABSOLUTE
    ../fplib/trapv.s                         0x00000000   Number         0  trapv.o ABSOLUTE
    ../fplib/usenofp.s                       0x00000000   Number         0  usenofp.o ABSOLUTE
    ../mathlib/cosf.c                        0x00000000   Number         0  cosf.o ABSOLUTE
    ../mathlib/cosf.c                        0x00000000   Number         0  cosf_x.o ABSOLUTE
    ../mathlib/dunder.c                      0x00000000   Number         0  dunder.o ABSOLUTE
    ../mathlib/fpclassifyf.c                 0x00000000   Number         0  fpclassifyf.o ABSOLUTE
    ../mathlib/frexp.c                       0x00000000   Number         0  frexp.o ABSOLUTE
    ../mathlib/funder.c                      0x00000000   Number         0  funder.o ABSOLUTE
    ../mathlib/ldexp.c                       0x00000000   Number         0  ldexp.o ABSOLUTE
    ../mathlib/ldexp.c                       0x00000000   Number         0  ldexp_x.o ABSOLUTE
    ../mathlib/qnan.c                        0x00000000   Number         0  qnan.o ABSOLUTE
    ../mathlib/rredf.c                       0x00000000   Number         0  rredf.o ABSOLUTE
    ../mathlib/sinf.c                        0x00000000   Number         0  sinf_x.o ABSOLUTE
    ../mathlib/sinf.c                        0x00000000   Number         0  sinf.o ABSOLUTE
    dc.s                                     0x00000000   Number         0  dc.o ABSOLUTE
    src\\main\\adc.c                         0x00000000   Number         0  adc.o ABSOLUTE
    src\\main\\main.c                        0x00000000   Number         0  main.o ABSOLUTE
    src\\main\\motor_regulator.c             0x00000000   Number         0  motor_regulator.o ABSOLUTE
    src\\main\\motor_revert.c                0x00000000   Number         0  motor_revert.o ABSOLUTE
    src\\main\\motor_voltage.c               0x00000000   Number         0  motor_voltage.o ABSOLUTE
    src\\mcu_support_package\\system_stm32f10x.c 0x00000000   Number         0  system_stm32f10x.o ABSOLUTE
    src\\spl\\src\\misc.c                    0x00000000   Number         0  misc.o ABSOLUTE
    src\\spl\\src\\stm32f10x_adc.c           0x00000000   Number         0  stm32f10x_adc.o ABSOLUTE
    src\\spl\\src\\stm32f10x_dma.c           0x00000000   Number         0  stm32f10x_dma.o ABSOLUTE
    src\\spl\\src\\stm32f10x_gpio.c          0x00000000   Number         0  stm32f10x_gpio.o ABSOLUTE
    src\\spl\\src\\stm32f10x_rcc.c           0x00000000   Number         0  stm32f10x_rcc.o ABSOLUTE
    src\\spl\\src\\stm32f10x_tim.c           0x00000000   Number         0  stm32f10x_tim.o ABSOLUTE
    src\main\adc.c                           0x00000000   Number         0  adc.o ABSOLUTE
    src\main\main.c                          0x00000000   Number         0  main.o ABSOLUTE
    src\main\motor_regulator.c               0x00000000   Number         0  motor_regulator.o ABSOLUTE
    src\main\motor_revert.c                  0x00000000   Number         0  motor_revert.o ABSOLUTE
    src\main\motor_voltage.c                 0x00000000   Number         0  motor_voltage.o ABSOLUTE
    src\mcu_support_package\arm\startup_stm32f103x6.s 0x00000000   Number         0  startup_stm32f103x6.o ABSOLUTE
    src\mcu_support_package\system_stm32f10x.c 0x00000000   Number         0  system_stm32f10x.o ABSOLUTE
    src\spl\src\misc.c                       0x00000000   Number         0  misc.o ABSOLUTE
    src\spl\src\stm32f10x_adc.c              0x00000000   Number         0  stm32f10x_adc.o ABSOLUTE
    src\spl\src\stm32f10x_dma.c              0x00000000   Number         0  stm32f10x_dma.o ABSOLUTE
    src\spl\src\stm32f10x_gpio.c             0x00000000   Number         0  stm32f10x_gpio.o ABSOLUTE
    src\spl\src\stm32f10x_rcc.c              0x00000000   Number         0  stm32f10x_rcc.o ABSOLUTE
    src\spl\src\stm32f10x_tim.c              0x00000000   Number         0  stm32f10x_tim.o ABSOLUTE
    RESET                                    0x08000000   Section      236  startup_stm32f103x6.o(RESET)
    !!!main                                  0x080000ec   Section        8  __main.o(!!!main)
    !!!scatter                               0x080000f4   Section       52  __scatter.o(!!!scatter)
    !!handler_copy                           0x08000128   Section       26  __scatter_copy.o(!!handler_copy)
    !!handler_zi                             0x08000144   Section       28  __scatter_zi.o(!!handler_zi)
    .ARM.Collect$$libinit$$00000000          0x08000160   Section        2  libinit.o(.ARM.Collect$$libinit$$00000000)
    .ARM.Collect$$libinit$$00000002          0x08000162   Section        0  libinit2.o(.ARM.Collect$$libinit$$00000002)
    .ARM.Collect$$libinit$$00000004          0x08000162   Section        0  libinit2.o(.ARM.Collect$$libinit$$00000004)
    .ARM.Collect$$libinit$$0000000A          0x08000162   Section        0  libinit2.o(.ARM.Collect$$libinit$$0000000A)
    .ARM.Collect$$libinit$$0000000C          0x08000162   Section        0  libinit2.o(.ARM.Collect$$libinit$$0000000C)
    .ARM.Collect$$libinit$$0000000E          0x08000162   Section        0  libinit2.o(.ARM.Collect$$libinit$$0000000E)
    .ARM.Collect$$libinit$$00000011          0x08000162   Section        0  libinit2.o(.ARM.Collect$$libinit$$00000011)
    .ARM.Collect$$libinit$$00000013          0x08000162   Section        0  libinit2.o(.ARM.Collect$$libinit$$00000013)
    .ARM.Collect$$libinit$$00000015          0x08000162   Section        0  libinit2.o(.ARM.Collect$$libinit$$00000015)
    .ARM.Collect$$libinit$$00000017          0x08000162   Section        0  libinit2.o(.ARM.Collect$$libinit$$00000017)
    .ARM.Collect$$libinit$$00000019          0x08000162   Section        0  libinit2.o(.ARM.Collect$$libinit$$00000019)
    .ARM.Collect$$libinit$$0000001B          0x08000162   Section        0  libinit2.o(.ARM.Collect$$libinit$$0000001B)
    .ARM.Collect$$libinit$$0000001D          0x08000162   Section        0  libinit2.o(.ARM.Collect$$libinit$$0000001D)
    .ARM.Collect$$libinit$$0000001F          0x08000162   Section        0  libinit2.o(.ARM.Collect$$libinit$$0000001F)
    .ARM.Collect$$libinit$$00000021          0x08000162   Section        0  libinit2.o(.ARM.Collect$$libinit$$00000021)
    .ARM.Collect$$libinit$$00000023          0x08000162   Section        0  libinit2.o(.ARM.Collect$$libinit$$00000023)
    .ARM.Collect$$libinit$$00000025          0x08000162   Section        0  libinit2.o(.ARM.Collect$$libinit$$00000025)
    .ARM.Collect$$libinit$$0000002C          0x08000162   Section        0  libinit2.o(.ARM.Collect$$libinit$$0000002C)
    .ARM.Collect$$libinit$$0000002E          0x08000162   Section        0  libinit2.o(.ARM.Collect$$libinit$$0000002E)
    .ARM.Collect$$libinit$$00000030          0x08000162   Section        0  libinit2.o(.ARM.Collect$$libinit$$00000030)
    .ARM.Collect$$libinit$$00000032          0x08000162   Section        0  libinit2.o(.ARM.Collect$$libinit$$00000032)
    .ARM.Collect$$libinit$$00000033          0x08000162   Section        2  libinit2.o(.ARM.Collect$$libinit$$00000033)
    .ARM.Collect$$libshutdown$$00000000      0x08000164   Section        2  libshutdown.o(.ARM.Collect$$libshutdown$$00000000)
    .ARM.Collect$$libshutdown$$00000002      0x08000166   Section        0  libshutdown2.o(.ARM.Collect$$libshutdown$$00000002)
    .ARM.Collect$$libshutdown$$00000004      0x08000166   Section        0  libshutdown2.o(.ARM.Collect$$libshutdown$$00000004)
    .ARM.Collect$$libshutdown$$00000007      0x08000166   Section        0  libshutdown2.o(.ARM.Collect$$libshutdown$$00000007)
    .ARM.Collect$$libshutdown$$0000000A      0x08000166   Section        0  libshutdown2.o(.ARM.Collect$$libshutdown$$0000000A)
    .ARM.Collect$$libshutdown$$0000000C      0x08000166   Section        0  libshutdown2.o(.ARM.Collect$$libshutdown$$0000000C)
    .ARM.Collect$$libshutdown$$0000000F      0x08000166   Section        0  libshutdown2.o(.ARM.Collect$$libshutdown$$0000000F)
    .ARM.Collect$$libshutdown$$00000010      0x08000166   Section        2  libshutdown2.o(.ARM.Collect$$libshutdown$$00000010)
    .ARM.Collect$$rtentry$$00000000          0x08000168   Section        0  __rtentry.o(.ARM.Collect$$rtentry$$00000000)
    .ARM.Collect$$rtentry$$00000002          0x08000168   Section        0  __rtentry2.o(.ARM.Collect$$rtentry$$00000002)
    .ARM.Collect$$rtentry$$00000004          0x08000168   Section        6  __rtentry4.o(.ARM.Collect$$rtentry$$00000004)
    .ARM.Collect$$rtentry$$00000009          0x0800016e   Section        0  __rtentry2.o(.ARM.Collect$$rtentry$$00000009)
    .ARM.Collect$$rtentry$$0000000A          0x0800016e   Section        4  __rtentry2.o(.ARM.Collect$$rtentry$$0000000A)
    .ARM.Collect$$rtentry$$0000000C          0x08000172   Section        0  __rtentry2.o(.ARM.Collect$$rtentry$$0000000C)
    .ARM.Collect$$rtentry$$0000000D          0x08000172   Section        8  __rtentry2.o(.ARM.Collect$$rtentry$$0000000D)
    .ARM.Collect$$rtexit$$00000000           0x0800017a   Section        2  rtexit.o(.ARM.Collect$$rtexit$$00000000)
    .ARM.Collect$$rtexit$$00000002           0x0800017c   Section        0  rtexit2.o(.ARM.Collect$$rtexit$$00000002)
    .ARM.Collect$$rtexit$$00000003           0x0800017c   Section        4  rtexit2.o(.ARM.Collect$$rtexit$$00000003)
    .ARM.Collect$$rtexit$$00000004           0x08000180   Section        6  rtexit2.o(.ARM.Collect$$rtexit$$00000004)
    .text                                    0x08000188   Section        0  main.o(.text)
    .text                                    0x08000414   Section        0  system_stm32f10x.o(.text)
    SetSysClockTo72                          0x08000415   Thumb Code   214  system_stm32f10x.o(.text)
    SetSysClock                              0x080004eb   Thumb Code     8  system_stm32f10x.o(.text)
    .text                                    0x08000548   Section       60  startup_stm32f103x6.o(.text)
    .text                                    0x08000584   Section        0  stm32f10x_adc.o(.text)
    .text                                    0x080009ac   Section        0  stm32f10x_dma.o(.text)
    .text                                    0x08000bec   Section        0  stm32f10x_gpio.o(.text)
    .text                                    0x08000db4   Section        0  stm32f10x_rcc.o(.text)
    .text                                    0x08000e68   Section        0  stm32f10x_tim.o(.text)
    TI4_Config                               0x08001501   Thumb Code   130  stm32f10x_tim.o(.text)
    TI3_Config                               0x08001583   Thumb Code   122  stm32f10x_tim.o(.text)
    TI2_Config                               0x080015fd   Thumb Code   130  stm32f10x_tim.o(.text)
    TI1_Config                               0x0800167f   Thumb Code   108  stm32f10x_tim.o(.text)
    .text                                    0x08001984   Section        0  motor_voltage.o(.text)
    .text                                    0x08001aa0   Section        0  adc.o(.text)
    .text                                    0x08001ba4   Section        0  motor_regulator.o(.text)
    .text                                    0x08001d08   Section        0  motor_revert.o(.text)
    .text                                    0x080022b4   Section        0  heapauxi.o(.text)
    .text                                    0x080022ba   Section        0  _rserrno.o(.text)
    .text                                    0x080022d0   Section        8  rt_errno_addr_intlibspace.o(.text)
    .text                                    0x080022d8   Section        8  libspace.o(.text)
    .text                                    0x080022e0   Section       74  sys_stackheap_outer.o(.text)
    .text                                    0x0800232a   Section        0  exit.o(.text)
    .text                                    0x0800233c   Section        0  sys_exit.o(.text)
    .text                                    0x08002348   Section        2  use_no_semi.o(.text)
    .text                                    0x0800234a   Section        0  indicate_semi.o(.text)
    i.__ARM_fpclassifyf                      0x0800234a   Section        0  fpclassifyf.o(i.__ARM_fpclassifyf)
    i.__mathlib_dbl_overflow                 0x08002370   Section        0  dunder.o(i.__mathlib_dbl_overflow)
    i.__mathlib_dbl_underflow                0x08002380   Section        0  dunder.o(i.__mathlib_dbl_underflow)
    i.__mathlib_flt_infnan                   0x08002390   Section        0  funder.o(i.__mathlib_flt_infnan)
    i.__mathlib_flt_invalid                  0x08002396   Section        0  funder.o(i.__mathlib_flt_invalid)
    i.__mathlib_flt_underflow                0x0800239e   Section        0  funder.o(i.__mathlib_flt_underflow)
    i.__mathlib_rredf2                       0x080023a8   Section        0  rredf.o(i.__mathlib_rredf2)
    i.cosf                                   0x08002510   Section        0  cosf.o(i.cosf)
    i.frexp                                  0x0800268c   Section        0  frexp.o(i.frexp)
    i.ldexp                                  0x080026e4   Section        0  ldexp.o(i.ldexp)
    i.sinf                                   0x08002758   Section        0  sinf.o(i.sinf)
    x$fpl$d2f                                0x080028e0   Section       98  d2f.o(x$fpl$d2f)
    x$fpl$dadd                               0x08002944   Section      336  daddsub_clz.o(x$fpl$dadd)
    _dadd1                                   0x08002955   Thumb Code     0  daddsub_clz.o(x$fpl$dadd)
    x$fpl$dcheck1                            0x08002a94   Section       16  dcheck1.o(x$fpl$dcheck1)
    x$fpl$dcmpinf                            0x08002aa4   Section       24  dcmpi.o(x$fpl$dcmpinf)
    x$fpl$ddiv                               0x08002abc   Section      688  ddiv.o(x$fpl$ddiv)
    ddiv_entry                               0x08002ac3   Thumb Code     0  ddiv.o(x$fpl$ddiv)
    x$fpl$deqf                               0x08002d6c   Section      120  deqf.o(x$fpl$deqf)
    x$fpl$dfix                               0x08002de4   Section       94  dfix.o(x$fpl$dfix)
    x$fpl$dflt                               0x08002e42   Section       46  dflt_clz.o(x$fpl$dflt)
    x$fpl$dmul                               0x08002e70   Section      340  dmul.o(x$fpl$dmul)
    x$fpl$dnaninf                            0x08002fc4   Section      156  dnaninf.o(x$fpl$dnaninf)
    x$fpl$dretinf                            0x08003060   Section       12  dretinf.o(x$fpl$dretinf)
    x$fpl$dsub                               0x0800306c   Section      468  daddsub_clz.o(x$fpl$dsub)
    _dsub1                                   0x0800307d   Thumb Code     0  daddsub_clz.o(x$fpl$dsub)
    x$fpl$f2d                                0x08003240   Section       86  f2d.o(x$fpl$f2d)
    x$fpl$fadd                               0x08003298   Section      196  faddsub_clz.o(x$fpl$fadd)
    _fadd1                                   0x080032a7   Thumb Code     0  faddsub_clz.o(x$fpl$fadd)
    x$fpl$fcheck1                            0x0800335c   Section       12  fcheck1.o(x$fpl$fcheck1)
    x$fpl$fcmpinf                            0x08003368   Section       24  fcmpi.o(x$fpl$fcmpinf)
    x$fpl$fdiv                               0x08003380   Section      388  fdiv.o(x$fpl$fdiv)
    _fdiv1                                   0x08003381   Thumb Code     0  fdiv.o(x$fpl$fdiv)
    x$fpl$feqf                               0x08003504   Section      104  feqf.o(x$fpl$feqf)
    x$fpl$ffix                               0x0800356c   Section       54  ffix.o(x$fpl$ffix)
    x$fpl$fflt                               0x080035a4   Section       48  fflt_clz.o(x$fpl$fflt)
    x$fpl$ffltu                              0x080035d4   Section       38  fflt_clz.o(x$fpl$ffltu)
    x$fpl$fleqf                              0x080035fc   Section      104  fleqf.o(x$fpl$fleqf)
    x$fpl$fmul                               0x08003664   Section      258  fmul.o(x$fpl$fmul)
    x$fpl$fnaninf                            0x08003766   Section      140  fnaninf.o(x$fpl$fnaninf)
    x$fpl$fretinf                            0x080037f2   Section       10  fretinf.o(x$fpl$fretinf)
    x$fpl$frnd                               0x080037fc   Section       96  frnd.o(x$fpl$frnd)
    x$fpl$frsb                               0x0800385c   Section       20  faddsub_clz.o(x$fpl$frsb)
    x$fpl$fsub                               0x08003870   Section      234  faddsub_clz.o(x$fpl$fsub)
    _fsub1                                   0x0800387f   Thumb Code     0  faddsub_clz.o(x$fpl$fsub)
    x$fpl$retnan                             0x0800395a   Section      100  retnan.o(x$fpl$retnan)
    x$fpl$scalbn                             0x080039be   Section       92  scalbn.o(x$fpl$scalbn)
    x$fpl$scalbnf                            0x08003a1a   Section       76  scalbnf.o(x$fpl$scalbnf)
    x$fpl$trapveneer                         0x08003a66   Section       48  trapv.o(x$fpl$trapveneer)
    x$fpl$usenofp                            0x08003a96   Section        0  usenofp.o(x$fpl$usenofp)
    .constdata                               0x08003a98   Section       30  adc.o(.constdata)
    .constdata                               0x08003ab8   Section       32  rredf.o(.constdata)
    twooverpi                                0x08003ab8   Data          32  rredf.o(.constdata)
    .data                                    0x20000000   Section       76  main.o(.data)
    sensorSpeed                              0x20000000   Data           4  main.o(.data)
    sensorCurrentA                           0x20000004   Data           4  main.o(.data)
    sensorCurrentB                           0x20000008   Data           4  main.o(.data)
    sensorCurrentC                           0x2000000c   Data           4  main.o(.data)
    currentErrD                              0x20000010   Data           4  main.o(.data)
    currentErrQ                              0x20000014   Data           4  main.o(.data)
    sensorCurrentD                           0x20000018   Data           4  main.o(.data)
    sensorCurrentQ                           0x2000001c   Data           4  main.o(.data)
    signalVoltageA                           0x20000020   Data           4  main.o(.data)
    signalVoltageB                           0x20000024   Data           4  main.o(.data)
    signalVoltageC                           0x20000028   Data           4  main.o(.data)
    speedErr                                 0x20000030   Data           4  main.o(.data)
    signalVoltageD                           0x20000034   Data           4  main.o(.data)
    signalVoltageQ                           0x20000038   Data           4  main.o(.data)
    position                                 0x20000040   Data           4  main.o(.data)
    prevPosition                             0x20000048   Data           4  main.o(.data)
    .data                                    0x2000004c   Section       20  system_stm32f10x.o(.data)
    .data                                    0x20000060   Section        4  adc.o(.data)
    .data                                    0x20000064   Section       36  motor_regulator.o(.data)
    prevErrPID                               0x20000070   Data           4  motor_regulator.o(.data)
    pidIntTerm                               0x20000074   Data           4  motor_regulator.o(.data)
    piIntTermD                               0x20000080   Data           4  motor_regulator.o(.data)
    piIntTermQ                               0x20000084   Data           4  motor_regulator.o(.data)
    .data                                    0x20000088   Section       44  motor_revert.o(.data)
    current_A                                0x20000088   Data           4  motor_revert.o(.data)
    current_B                                0x2000008c   Data           4  motor_revert.o(.data)
    current_C                                0x20000090   Data           4  motor_revert.o(.data)
    currentAlphaToDQ                         0x20000094   Data           4  motor_revert.o(.data)
    currentBettaToDQ                         0x20000098   Data           4  motor_revert.o(.data)
    currentAlphaToABC                        0x2000009c   Data           4  motor_revert.o(.data)
    currentBettaToABC                        0x200000a0   Data           4  motor_revert.o(.data)
    currentD                                 0x200000a4   Data           4  motor_revert.o(.data)
    currentQ                                 0x200000a8   Data           4  motor_revert.o(.data)
    currentAlphaFiltered                     0x200000ac   Data           4  motor_revert.o(.data)
    currentBettaFiltered                     0x200000b0   Data           4  motor_revert.o(.data)
    .bss                                     0x200000b4   Section       96  libspace.o(.bss)
    HEAP                                     0x20000118   Section        0  startup_stm32f103x6.o(HEAP)
    STACK                                    0x20000118   Section     1024  startup_stm32f103x6.o(STACK)
    Heap_Mem                                 0x20000118   Data           0  startup_stm32f103x6.o(HEAP)
    Stack_Mem                                0x20000118   Data        1024  startup_stm32f103x6.o(STACK)
    __initial_sp                             0x20000518   Data           0  startup_stm32f103x6.o(STACK)

    Global Symbols

    Symbol Name                              Value     Ov Type        Size  Object(Section)

    BuildAttributes$$THM_ISAv4$P$D$K$B$S$PE$A:L22UL41UL21$X:L11$S22US41US21$IEEE1$IW$USESV6$~STKCKD$USESV7$~SHL$OTIME$ROPI$IEEEX$EBA8$UX$STANDARDLIB$REQ8$PRES8$EABIv2 0x00000000   Number         0  anon$$obj.o ABSOLUTE
    __ARM_use_no_argv                        0x00000000   Number         0  main.o ABSOLUTE
    __ARM_exceptions_init                     - Undefined Weak Reference
    __alloca_initialize                       - Undefined Weak Reference
    __arm_preinit_                            - Undefined Weak Reference
    __cpp_initialize__aeabi_                  - Undefined Weak Reference
    __cxa_finalize                            - Undefined Weak Reference
    __rt_locale                               - Undefined Weak Reference
    __sigvec_lookup                           - Undefined Weak Reference
    _atexit_init                              - Undefined Weak Reference
    _call_atexit_fns                          - Undefined Weak Reference
    _clock_init                               - Undefined Weak Reference
    _fp_trap_init                             - Undefined Weak Reference
    _fp_trap_shutdown                         - Undefined Weak Reference
    _get_lc_collate                           - Undefined Weak Reference
    _get_lc_ctype                             - Undefined Weak Reference
    _get_lc_monetary                          - Undefined Weak Reference
    _get_lc_numeric                           - Undefined Weak Reference
    _get_lc_time                              - Undefined Weak Reference
    _getenv_init                              - Undefined Weak Reference
    _handle_redirection                       - Undefined Weak Reference
    _init_alloc                               - Undefined Weak Reference
    _init_user_alloc                          - Undefined Weak Reference
    _initio                                   - Undefined Weak Reference
    _rand_init                                - Undefined Weak Reference
    _signal_finish                            - Undefined Weak Reference
    _signal_init                              - Undefined Weak Reference
    _terminate_alloc                          - Undefined Weak Reference
    _terminate_user_alloc                     - Undefined Weak Reference
    _terminateio                              - Undefined Weak Reference
    __Vectors_Size                           0x000000ec   Number         0  startup_stm32f103x6.o ABSOLUTE
    __Vectors                                0x08000000   Data           4  startup_stm32f103x6.o(RESET)
    __Vectors_End                            0x080000ec   Data           0  startup_stm32f103x6.o(RESET)
    __main                                   0x080000ed   Thumb Code     8  __main.o(!!!main)
    __scatterload                            0x080000f5   Thumb Code     0  __scatter.o(!!!scatter)
    __scatterload_rt2                        0x080000f5   Thumb Code    44  __scatter.o(!!!scatter)
    __scatterload_rt2_thumb_only             0x080000f5   Thumb Code     0  __scatter.o(!!!scatter)
    __scatterload_null                       0x08000103   Thumb Code     0  __scatter.o(!!!scatter)
    __scatterload_copy                       0x08000129   Thumb Code    26  __scatter_copy.o(!!handler_copy)
    __scatterload_zeroinit                   0x08000145   Thumb Code    28  __scatter_zi.o(!!handler_zi)
    __rt_lib_init                            0x08000161   Thumb Code     0  libinit.o(.ARM.Collect$$libinit$$00000000)
    __rt_lib_init_alloca_1                   0x08000163   Thumb Code     0  libinit2.o(.ARM.Collect$$libinit$$0000002E)
    __rt_lib_init_argv_1                     0x08000163   Thumb Code     0  libinit2.o(.ARM.Collect$$libinit$$0000002C)
    __rt_lib_init_atexit_1                   0x08000163   Thumb Code     0  libinit2.o(.ARM.Collect$$libinit$$0000001B)
    __rt_lib_init_clock_1                    0x08000163   Thumb Code     0  libinit2.o(.ARM.Collect$$libinit$$00000021)
    __rt_lib_init_cpp_1                      0x08000163   Thumb Code     0  libinit2.o(.ARM.Collect$$libinit$$00000032)
    __rt_lib_init_exceptions_1               0x08000163   Thumb Code     0  libinit2.o(.ARM.Collect$$libinit$$00000030)
    __rt_lib_init_fp_1                       0x08000163   Thumb Code     0  libinit2.o(.ARM.Collect$$libinit$$00000002)
    __rt_lib_init_fp_trap_1                  0x08000163   Thumb Code     0  libinit2.o(.ARM.Collect$$libinit$$0000001F)
    __rt_lib_init_getenv_1                   0x08000163   Thumb Code     0  libinit2.o(.ARM.Collect$$libinit$$00000023)
    __rt_lib_init_heap_1                     0x08000163   Thumb Code     0  libinit2.o(.ARM.Collect$$libinit$$0000000A)
    __rt_lib_init_lc_collate_1               0x08000163   Thumb Code     0  libinit2.o(.ARM.Collect$$libinit$$00000011)
    __rt_lib_init_lc_ctype_1                 0x08000163   Thumb Code     0  libinit2.o(.ARM.Collect$$libinit$$00000013)
    __rt_lib_init_lc_monetary_1              0x08000163   Thumb Code     0  libinit2.o(.ARM.Collect$$libinit$$00000015)
    __rt_lib_init_lc_numeric_1               0x08000163   Thumb Code     0  libinit2.o(.ARM.Collect$$libinit$$00000017)
    __rt_lib_init_lc_time_1                  0x08000163   Thumb Code     0  libinit2.o(.ARM.Collect$$libinit$$00000019)
    __rt_lib_init_preinit_1                  0x08000163   Thumb Code     0  libinit2.o(.ARM.Collect$$libinit$$00000004)
    __rt_lib_init_rand_1                     0x08000163   Thumb Code     0  libinit2.o(.ARM.Collect$$libinit$$0000000E)
    __rt_lib_init_return                     0x08000163   Thumb Code     0  libinit2.o(.ARM.Collect$$libinit$$00000033)
    __rt_lib_init_signal_1                   0x08000163   Thumb Code     0  libinit2.o(.ARM.Collect$$libinit$$0000001D)
    __rt_lib_init_stdio_1                    0x08000163   Thumb Code     0  libinit2.o(.ARM.Collect$$libinit$$00000025)
    __rt_lib_init_user_alloc_1               0x08000163   Thumb Code     0  libinit2.o(.ARM.Collect$$libinit$$0000000C)
    __rt_lib_shutdown                        0x08000165   Thumb Code     0  libshutdown.o(.ARM.Collect$$libshutdown$$00000000)
    __rt_lib_shutdown_cpp_1                  0x08000167   Thumb Code     0  libshutdown2.o(.ARM.Collect$$libshutdown$$00000002)
    __rt_lib_shutdown_fp_trap_1              0x08000167   Thumb Code     0  libshutdown2.o(.ARM.Collect$$libshutdown$$00000007)
    __rt_lib_shutdown_heap_1                 0x08000167   Thumb Code     0  libshutdown2.o(.ARM.Collect$$libshutdown$$0000000F)
    __rt_lib_shutdown_return                 0x08000167   Thumb Code     0  libshutdown2.o(.ARM.Collect$$libshutdown$$00000010)
    __rt_lib_shutdown_signal_1               0x08000167   Thumb Code     0  libshutdown2.o(.ARM.Collect$$libshutdown$$0000000A)
    __rt_lib_shutdown_stdio_1                0x08000167   Thumb Code     0  libshutdown2.o(.ARM.Collect$$libshutdown$$00000004)
    __rt_lib_shutdown_user_alloc_1           0x08000167   Thumb Code     0  libshutdown2.o(.ARM.Collect$$libshutdown$$0000000C)
    __rt_entry                               0x08000169   Thumb Code     0  __rtentry.o(.ARM.Collect$$rtentry$$00000000)
    __rt_entry_presh_1                       0x08000169   Thumb Code     0  __rtentry2.o(.ARM.Collect$$rtentry$$00000002)
    __rt_entry_sh                            0x08000169   Thumb Code     0  __rtentry4.o(.ARM.Collect$$rtentry$$00000004)
    __rt_entry_li                            0x0800016f   Thumb Code     0  __rtentry2.o(.ARM.Collect$$rtentry$$0000000A)
    __rt_entry_postsh_1                      0x0800016f   Thumb Code     0  __rtentry2.o(.ARM.Collect$$rtentry$$00000009)
    __rt_entry_main                          0x08000173   Thumb Code     0  __rtentry2.o(.ARM.Collect$$rtentry$$0000000D)
    __rt_entry_postli_1                      0x08000173   Thumb Code     0  __rtentry2.o(.ARM.Collect$$rtentry$$0000000C)
    __rt_exit                                0x0800017b   Thumb Code     0  rtexit.o(.ARM.Collect$$rtexit$$00000000)
    __rt_exit_ls                             0x0800017d   Thumb Code     0  rtexit2.o(.ARM.Collect$$rtexit$$00000003)
    __rt_exit_prels_1                        0x0800017d   Thumb Code     0  rtexit2.o(.ARM.Collect$$rtexit$$00000002)
    __rt_exit_exit                           0x08000181   Thumb Code     0  rtexit2.o(.ARM.Collect$$rtexit$$00000004)
    delayMs                                  0x08000189   Thumb Code    24  main.o(.text)
    motor_position_getPosition               0x080001a1   Thumb Code     8  main.o(.text)
    motor_speed_getSpeed                     0x080001a9   Thumb Code   138  main.o(.text)
    systick_init                             0x08000233   Thumb Code    82  main.o(.text)
    SysTick_Handler                          0x08000285   Thumb Code    12  main.o(.text)
    main                                     0x08000291   Thumb Code   288  main.o(.text)
    assert_failed                            0x080003b1   Thumb Code     4  main.o(.text)
    SystemInit                               0x080004f3   Thumb Code    70  system_stm32f10x.o(.text)
    Reset_Handler                            0x08000549   Thumb Code     8  startup_stm32f103x6.o(.text)
    NMI_Handler                              0x08000551   Thumb Code     2  startup_stm32f103x6.o(.text)
    HardFault_Handler                        0x08000553   Thumb Code     2  startup_stm32f103x6.o(.text)
    MemManage_Handler                        0x08000555   Thumb Code     2  startup_stm32f103x6.o(.text)
    BusFault_Handler                         0x08000557   Thumb Code     2  startup_stm32f103x6.o(.text)
    UsageFault_Handler                       0x08000559   Thumb Code     2  startup_stm32f103x6.o(.text)
    SVC_Handler                              0x0800055b   Thumb Code     2  startup_stm32f103x6.o(.text)
    DebugMon_Handler                         0x0800055d   Thumb Code     2  startup_stm32f103x6.o(.text)
    PendSV_Handler                           0x0800055f   Thumb Code     2  startup_stm32f103x6.o(.text)
    ADC1_2_IRQHandler                        0x08000563   Thumb Code     0  startup_stm32f103x6.o(.text)
    CAN1_RX1_IRQHandler                      0x08000563   Thumb Code     0  startup_stm32f103x6.o(.text)
    CAN1_SCE_IRQHandler                      0x08000563   Thumb Code     0  startup_stm32f103x6.o(.text)
    DMA1_Channel1_IRQHandler                 0x08000563   Thumb Code     0  startup_stm32f103x6.o(.text)
    DMA1_Channel2_IRQHandler                 0x08000563   Thumb Code     0  startup_stm32f103x6.o(.text)
    DMA1_Channel3_IRQHandler                 0x08000563   Thumb Code     0  startup_stm32f103x6.o(.text)
    DMA1_Channel4_IRQHandler                 0x08000563   Thumb Code     0  startup_stm32f103x6.o(.text)
    DMA1_Channel5_IRQHandler                 0x08000563   Thumb Code     0  startup_stm32f103x6.o(.text)
    DMA1_Channel6_IRQHandler                 0x08000563   Thumb Code     0  startup_stm32f103x6.o(.text)
    DMA1_Channel7_IRQHandler                 0x08000563   Thumb Code     0  startup_stm32f103x6.o(.text)
    EXTI0_IRQHandler                         0x08000563   Thumb Code     0  startup_stm32f103x6.o(.text)
    EXTI15_10_IRQHandler                     0x08000563   Thumb Code     0  startup_stm32f103x6.o(.text)
    EXTI1_IRQHandler                         0x08000563   Thumb Code     0  startup_stm32f103x6.o(.text)
    EXTI2_IRQHandler                         0x08000563   Thumb Code     0  startup_stm32f103x6.o(.text)
    EXTI3_IRQHandler                         0x08000563   Thumb Code     0  startup_stm32f103x6.o(.text)
    EXTI4_IRQHandler                         0x08000563   Thumb Code     0  startup_stm32f103x6.o(.text)
    EXTI9_5_IRQHandler                       0x08000563   Thumb Code     0  startup_stm32f103x6.o(.text)
    FLASH_IRQHandler                         0x08000563   Thumb Code     0  startup_stm32f103x6.o(.text)
    I2C1_ER_IRQHandler                       0x08000563   Thumb Code     0  startup_stm32f103x6.o(.text)
    I2C1_EV_IRQHandler                       0x08000563   Thumb Code     0  startup_stm32f103x6.o(.text)
    PVD_IRQHandler                           0x08000563   Thumb Code     0  startup_stm32f103x6.o(.text)
    RCC_IRQHandler                           0x08000563   Thumb Code     0  startup_stm32f103x6.o(.text)
    RTC_Alarm_IRQHandler                     0x08000563   Thumb Code     0  startup_stm32f103x6.o(.text)
    RTC_IRQHandler                           0x08000563   Thumb Code     0  startup_stm32f103x6.o(.text)
    SPI1_IRQHandler                          0x08000563   Thumb Code     0  startup_stm32f103x6.o(.text)
    TAMPER_IRQHandler                        0x08000563   Thumb Code     0  startup_stm32f103x6.o(.text)
    TIM1_BRK_IRQHandler                      0x08000563   Thumb Code     0  startup_stm32f103x6.o(.text)
    TIM1_CC_IRQHandler                       0x08000563   Thumb Code     0  startup_stm32f103x6.o(.text)
    TIM1_TRG_COM_IRQHandler                  0x08000563   Thumb Code     0  startup_stm32f103x6.o(.text)
    TIM1_UP_IRQHandler                       0x08000563   Thumb Code     0  startup_stm32f103x6.o(.text)
    TIM2_IRQHandler                          0x08000563   Thumb Code     0  startup_stm32f103x6.o(.text)
    TIM3_IRQHandler                          0x08000563   Thumb Code     0  startup_stm32f103x6.o(.text)
    USART1_IRQHandler                        0x08000563   Thumb Code     0  startup_stm32f103x6.o(.text)
    USART2_IRQHandler                        0x08000563   Thumb Code     0  startup_stm32f103x6.o(.text)
    USBWakeUp_IRQHandler                     0x08000563   Thumb Code     0  startup_stm32f103x6.o(.text)
    USB_HP_CAN1_TX_IRQHandler                0x08000563   Thumb Code     0  startup_stm32f103x6.o(.text)
    USB_LP_CAN1_RX0_IRQHandler               0x08000563   Thumb Code     0  startup_stm32f103x6.o(.text)
    WWDG_IRQHandler                          0x08000563   Thumb Code     0  startup_stm32f103x6.o(.text)
    __user_initial_stackheap                 0x08000565   Thumb Code     0  startup_stm32f103x6.o(.text)
    ADC_Init                                 0x08000585   Thumb Code   388  stm32f10x_adc.o(.text)
    ADC_Cmd                                  0x08000709   Thumb Code    76  stm32f10x_adc.o(.text)
    ADC_DMACmd                               0x08000755   Thumb Code    70  stm32f10x_adc.o(.text)
    ADC_SoftwareStartConvCmd                 0x0800079b   Thumb Code    76  stm32f10x_adc.o(.text)
    ADC_RegularChannelConfig                 0x080007e7   Thumb Code   454  stm32f10x_adc.o(.text)
    DMA_Init                                 0x080009ad   Thumb Code   388  stm32f10x_dma.o(.text)
    DMA_Cmd                                  0x08000b31   Thumb Code   152  stm32f10x_dma.o(.text)
    GPIO_Init                                0x08000bed   Thumb Code   378  stm32f10x_gpio.o(.text)
    GPIO_StructInit                          0x08000d67   Thumb Code    16  stm32f10x_gpio.o(.text)
    RCC_AHBPeriphClockCmd                    0x08000db5   Thumb Code    74  stm32f10x_rcc.o(.text)
    RCC_APB2PeriphClockCmd                   0x08000dff   Thumb Code    70  stm32f10x_rcc.o(.text)
    TIM_TimeBaseInit                         0x08000e69   Thumb Code   308  stm32f10x_tim.o(.text)
    TIM_OC1Init                              0x08000f9d   Thumb Code   436  stm32f10x_tim.o(.text)
    TIM_OC2Init                              0x08001151   Thumb Code   528  stm32f10x_tim.o(.text)
    TIM_OC3Init                              0x08001361   Thumb Code   416  stm32f10x_tim.o(.text)
    TIM_TimeBaseStructInit                   0x080016eb   Thumb Code    18  stm32f10x_tim.o(.text)
    TIM_OCStructInit                         0x080016fd   Thumb Code    20  stm32f10x_tim.o(.text)
    TIM_Cmd                                  0x08001711   Thumb Code   220  stm32f10x_tim.o(.text)
    TIM_CtrlPWMOutputs                       0x080017ed   Thumb Code   100  stm32f10x_tim.o(.text)
    TIM_SetCompare1                          0x08001851   Thumb Code   114  stm32f10x_tim.o(.text)
    TIM_SetCompare2                          0x080018c3   Thumb Code    78  stm32f10x_tim.o(.text)
    TIM_SetCompare3                          0x08001911   Thumb Code    60  stm32f10x_tim.o(.text)
    initPWM                                  0x08001985   Thumb Code   172  motor_voltage.o(.text)
    motor_voltage_setVoltage                 0x08001a31   Thumb Code    96  motor_voltage.o(.text)
    dma_adc_init                             0x08001aa1   Thumb Code    78  adc.o(.text)
    adc_init                                 0x08001aef   Thumb Code   138  adc.o(.text)
    adc_startConvertion                      0x08001b79   Thumb Code    14  adc.o(.text)
    adc_getValue                             0x08001b87   Thumb Code    10  adc.o(.text)
    pid_regulator                            0x08001ba5   Thumb Code   140  motor_regulator.o(.text)
    pi_regulator_axis_d                      0x08001c31   Thumb Code    90  motor_regulator.o(.text)
    pi_regulator_axis_q                      0x08001c8b   Thumb Code    90  motor_regulator.o(.text)
    fastInvSqrt                              0x08001d09   Thumb Code    70  motor_revert.o(.text)
    fastSqrt                                 0x08001d4f   Thumb Code   174  motor_revert.o(.text)
    motorRevertDQtoAlfa                      0x08001dfd   Thumb Code   146  motor_revert.o(.text)
    motorRevertDQtoBetta                     0x08001e8f   Thumb Code   144  motor_revert.o(.text)
    motor_current_getCurrent                 0x08001f1f   Thumb Code    16  motor_revert.o(.text)
    transformAlphaBettaToQ                   0x08001f2f   Thumb Code   144  motor_revert.o(.text)
    transformAlphaBettaToD                   0x08001fbf   Thumb Code   144  motor_revert.o(.text)
    lowPassFilterCurrentBetta                0x0800204f   Thumb Code    70  motor_revert.o(.text)
    lowPassFilterCurrentAlpha                0x08002095   Thumb Code    70  motor_revert.o(.text)
    motor_revert_ABC_to_DQ                   0x080020db   Thumb Code   174  motor_revert.o(.text)
    motor_revert_DQ_to_ABC                   0x08002189   Thumb Code   228  motor_revert.o(.text)
    motor_current_getCurrentD                0x0800226d   Thumb Code     6  motor_revert.o(.text)
    motor_current_getCurrentQ                0x08002273   Thumb Code     6  motor_revert.o(.text)
    motor_current_getCurrentA                0x08002279   Thumb Code     6  motor_revert.o(.text)
    motor_current_getCurrentB                0x0800227f   Thumb Code     6  motor_revert.o(.text)
    motor_current_getCurrentC                0x08002285   Thumb Code     6  motor_revert.o(.text)
    __use_two_region_memory                  0x080022b5   Thumb Code     2  heapauxi.o(.text)
    __rt_heap_escrow$2region                 0x080022b7   Thumb Code     2  heapauxi.o(.text)
    __rt_heap_expand$2region                 0x080022b9   Thumb Code     2  heapauxi.o(.text)
    __read_errno                             0x080022bb   Thumb Code    10  _rserrno.o(.text)
    __set_errno                              0x080022c5   Thumb Code    12  _rserrno.o(.text)
    __aeabi_errno_addr                       0x080022d1   Thumb Code     8  rt_errno_addr_intlibspace.o(.text)
    __errno$intlibspace                      0x080022d1   Thumb Code     0  rt_errno_addr_intlibspace.o(.text)
    __rt_errno_addr$intlibspace              0x080022d1   Thumb Code     0  rt_errno_addr_intlibspace.o(.text)
    __user_libspace                          0x080022d9   Thumb Code     8  libspace.o(.text)
    __user_perproc_libspace                  0x080022d9   Thumb Code     0  libspace.o(.text)
    __user_perthread_libspace                0x080022d9   Thumb Code     0  libspace.o(.text)
    __user_setup_stackheap                   0x080022e1   Thumb Code    74  sys_stackheap_outer.o(.text)
    exit                                     0x0800232b   Thumb Code    18  exit.o(.text)
    _sys_exit                                0x0800233d   Thumb Code     8  sys_exit.o(.text)
    __I$use$semihosting                      0x08002349   Thumb Code     0  use_no_semi.o(.text)
    __use_no_semihosting_swi                 0x08002349   Thumb Code     2  use_no_semi.o(.text)
    __ARM_fpclassifyf                        0x0800234b   Thumb Code    38  fpclassifyf.o(i.__ARM_fpclassifyf)
    __semihosting_library_function           0x0800234b   Thumb Code     0  indicate_semi.o(.text)
    __mathlib_dbl_overflow                   0x08002371   Thumb Code    14  dunder.o(i.__mathlib_dbl_overflow)
    __mathlib_dbl_underflow                  0x08002381   Thumb Code    10  dunder.o(i.__mathlib_dbl_underflow)
    __mathlib_flt_infnan                     0x08002391   Thumb Code     6  funder.o(i.__mathlib_flt_infnan)
    __mathlib_flt_invalid                    0x08002397   Thumb Code     8  funder.o(i.__mathlib_flt_invalid)
    __mathlib_flt_underflow                  0x0800239f   Thumb Code    10  funder.o(i.__mathlib_flt_underflow)
    __mathlib_rredf2                         0x080023a9   Thumb Code   344  rredf.o(i.__mathlib_rredf2)
    cosf                                     0x08002511   Thumb Code   328  cosf.o(i.cosf)
    frexp                                    0x0800268d   Thumb Code    80  frexp.o(i.frexp)
    ldexp                                    0x080026e5   Thumb Code   116  ldexp.o(i.ldexp)
    sinf                                     0x08002759   Thumb Code   338  sinf.o(i.sinf)
    __aeabi_d2f                              0x080028e1   Thumb Code     0  d2f.o(x$fpl$d2f)
    _d2f                                     0x080028e1   Thumb Code    98  d2f.o(x$fpl$d2f)
    __aeabi_dadd                             0x08002945   Thumb Code     0  daddsub_clz.o(x$fpl$dadd)
    _dadd                                    0x08002945   Thumb Code   332  daddsub_clz.o(x$fpl$dadd)
    __fpl_dcheck_NaN1                        0x08002a95   Thumb Code    10  dcheck1.o(x$fpl$dcheck1)
    __fpl_dcmp_Inf                           0x08002aa5   Thumb Code    24  dcmpi.o(x$fpl$dcmpinf)
    __aeabi_ddiv                             0x08002abd   Thumb Code     0  ddiv.o(x$fpl$ddiv)
    _ddiv                                    0x08002abd   Thumb Code   552  ddiv.o(x$fpl$ddiv)
    __aeabi_cdcmpeq                          0x08002d6d   Thumb Code     0  deqf.o(x$fpl$deqf)
    _dcmpeq                                  0x08002d6d   Thumb Code   120  deqf.o(x$fpl$deqf)
    __aeabi_d2iz                             0x08002de5   Thumb Code     0  dfix.o(x$fpl$dfix)
    _dfix                                    0x08002de5   Thumb Code    94  dfix.o(x$fpl$dfix)
    __aeabi_i2d                              0x08002e43   Thumb Code     0  dflt_clz.o(x$fpl$dflt)
    _dflt                                    0x08002e43   Thumb Code    46  dflt_clz.o(x$fpl$dflt)
    __aeabi_dmul                             0x08002e71   Thumb Code     0  dmul.o(x$fpl$dmul)
    _dmul                                    0x08002e71   Thumb Code   332  dmul.o(x$fpl$dmul)
    __fpl_dnaninf                            0x08002fc5   Thumb Code   156  dnaninf.o(x$fpl$dnaninf)
    __fpl_dretinf                            0x08003061   Thumb Code    12  dretinf.o(x$fpl$dretinf)
    __aeabi_dsub                             0x0800306d   Thumb Code     0  daddsub_clz.o(x$fpl$dsub)
    _dsub                                    0x0800306d   Thumb Code   464  daddsub_clz.o(x$fpl$dsub)
    __aeabi_f2d                              0x08003241   Thumb Code     0  f2d.o(x$fpl$f2d)
    _f2d                                     0x08003241   Thumb Code    86  f2d.o(x$fpl$f2d)
    __aeabi_fadd                             0x08003299   Thumb Code     0  faddsub_clz.o(x$fpl$fadd)
    _fadd                                    0x08003299   Thumb Code   196  faddsub_clz.o(x$fpl$fadd)
    __fpl_fcheck_NaN1                        0x0800335d   Thumb Code     6  fcheck1.o(x$fpl$fcheck1)
    __fpl_fcmp_Inf                           0x08003369   Thumb Code    24  fcmpi.o(x$fpl$fcmpinf)
    __aeabi_fdiv                             0x08003381   Thumb Code     0  fdiv.o(x$fpl$fdiv)
    _fdiv                                    0x08003381   Thumb Code   384  fdiv.o(x$fpl$fdiv)
    __aeabi_cfcmpeq                          0x08003505   Thumb Code     0  feqf.o(x$fpl$feqf)
    _fcmpeq                                  0x08003505   Thumb Code   104  feqf.o(x$fpl$feqf)
    __aeabi_f2iz                             0x0800356d   Thumb Code     0  ffix.o(x$fpl$ffix)
    _ffix                                    0x0800356d   Thumb Code    54  ffix.o(x$fpl$ffix)
    __aeabi_i2f                              0x080035a5   Thumb Code     0  fflt_clz.o(x$fpl$fflt)
    _fflt                                    0x080035a5   Thumb Code    48  fflt_clz.o(x$fpl$fflt)
    __aeabi_ui2f                             0x080035d5   Thumb Code     0  fflt_clz.o(x$fpl$ffltu)
    _ffltu                                   0x080035d5   Thumb Code    38  fflt_clz.o(x$fpl$ffltu)
    __aeabi_cfcmple                          0x080035fd   Thumb Code     0  fleqf.o(x$fpl$fleqf)
    _fcmple                                  0x080035fd   Thumb Code   104  fleqf.o(x$fpl$fleqf)
    __fpl_fcmple_InfNaN                      0x0800364f   Thumb Code     0  fleqf.o(x$fpl$fleqf)
    __aeabi_fmul                             0x08003665   Thumb Code     0  fmul.o(x$fpl$fmul)
    _fmul                                    0x08003665   Thumb Code   258  fmul.o(x$fpl$fmul)
    __fpl_fnaninf                            0x08003767   Thumb Code   140  fnaninf.o(x$fpl$fnaninf)
    __fpl_fretinf                            0x080037f3   Thumb Code    10  fretinf.o(x$fpl$fretinf)
    _frnd                                    0x080037fd   Thumb Code    96  frnd.o(x$fpl$frnd)
    __aeabi_frsub                            0x0800385d   Thumb Code     0  faddsub_clz.o(x$fpl$frsb)
    _frsb                                    0x0800385d   Thumb Code    20  faddsub_clz.o(x$fpl$frsb)
    __aeabi_fsub                             0x08003871   Thumb Code     0  faddsub_clz.o(x$fpl$fsub)
    _fsub                                    0x08003871   Thumb Code   234  faddsub_clz.o(x$fpl$fsub)
    __fpl_return_NaN                         0x0800395b   Thumb Code   100  retnan.o(x$fpl$retnan)
    __ARM_scalbn                             0x080039bf   Thumb Code    92  scalbn.o(x$fpl$scalbn)
    __ARM_scalbnf                            0x08003a1b   Thumb Code    76  scalbnf.o(x$fpl$scalbnf)
    __fpl_cmpreturn                          0x08003a67   Thumb Code    48  trapv.o(x$fpl$trapveneer)
    __I$use$fp                               0x08003a96   Number         0  usenofp.o(x$fpl$usenofp)
    adc_pin_rcc                              0x08003a98   Data           4  adc.o(.constdata)
    adc_port                                 0x08003a9c   Data           4  adc.o(.constdata)
    adc_pin_0                                0x08003aa0   Data           2  adc.o(.constdata)
    adc_pin_1                                0x08003aa2   Data           2  adc.o(.constdata)
    adc_rcc_cmd                              0x08003aa4   Data           4  adc.o(.constdata)
    adc_rcc                                  0x08003aa8   Data           4  adc.o(.constdata)
    adc                                      0x08003aac   Data           4  adc.o(.constdata)
    adc_channels                             0x08003ab0   Data           1  adc.o(.constdata)
    adc_channel_0                            0x08003ab1   Data           1  adc.o(.constdata)
    adc_channel_1                            0x08003ab2   Data           1  adc.o(.constdata)
    adc_sample_time                          0x08003ab3   Data           1  adc.o(.constdata)
    adc_irq_type                             0x08003ab4   Data           1  adc.o(.constdata)
    adc_irq_prio                             0x08003ab5   Data           1  adc.o(.constdata)
    Region$$Table$$Base                      0x08003ad8   Number         0  anon$$obj.o(Region$$Table)
    Region$$Table$$Limit                     0x08003af8   Number         0  anon$$obj.o(Region$$Table)
    userSpeed                                0x2000002c   Data           4  main.o(.data)
    currentTask                              0x2000003c   Data           4  main.o(.data)
    timeStampMs                              0x20000044   Data           4  main.o(.data)
    SystemCoreClock                          0x2000004c   Data           4  system_stm32f10x.o(.data)
    AHBPrescTable                            0x20000050   Data          16  system_stm32f10x.o(.data)
    ADC_buffer                               0x20000060   Data           4  adc.o(.data)
    pidP                                     0x20000064   Data           4  motor_regulator.o(.data)
    pidI                                     0x20000068   Data           4  motor_regulator.o(.data)
    pidD                                     0x2000006c   Data           4  motor_regulator.o(.data)
    piP                                      0x20000078   Data           4  motor_regulator.o(.data)
    piI                                      0x2000007c   Data           4  motor_regulator.o(.data)
    __libspace_start                         0x200000b4   Data          96  libspace.o(.bss)
    __temporary_stack_top$libspace           0x20000114   Data           0  libspace.o(.bss)



==============================================================================

Memory Map of the image

  Image Entry point : 0x080000ed

  Load Region LR_IROM1 (Base: 0x08000000, Size: 0x00003bac, Max: 0x00008000, ABSOLUTE)

    Execution Region ER_IROM1 (Base: 0x08000000, Size: 0x00003af8, Max: 0x00008000, ABSOLUTE)

    Base Addr    Size         Type   Attr      Idx    E Section Name        Object

    0x08000000   0x000000ec   Data   RO          216    RESET               startup_stm32f103x6.o
    0x080000ec   0x00000008   Code   RO         1496  * !!!main             c_w.l(__main.o)
    0x080000f4   0x00000034   Code   RO         1809    !!!scatter          c_w.l(__scatter.o)
    0x08000128   0x0000001a   Code   RO         1811    !!handler_copy      c_w.l(__scatter_copy.o)
    0x08000142   0x00000002   PAD
    0x08000144   0x0000001c   Code   RO         1813    !!handler_zi        c_w.l(__scatter_zi.o)
    0x08000160   0x00000002   Code   RO         1676    .ARM.Collect$$libinit$$00000000  c_w.l(libinit.o)
    0x08000162   0x00000000   Code   RO         1684    .ARM.Collect$$libinit$$00000002  c_w.l(libinit2.o)
    0x08000162   0x00000000   Code   RO         1686    .ARM.Collect$$libinit$$00000004  c_w.l(libinit2.o)
    0x08000162   0x00000000   Code   RO         1689    .ARM.Collect$$libinit$$0000000A  c_w.l(libinit2.o)
    0x08000162   0x00000000   Code   RO         1691    .ARM.Collect$$libinit$$0000000C  c_w.l(libinit2.o)
    0x08000162   0x00000000   Code   RO         1693    .ARM.Collect$$libinit$$0000000E  c_w.l(libinit2.o)
    0x08000162   0x00000000   Code   RO         1696    .ARM.Collect$$libinit$$00000011  c_w.l(libinit2.o)
    0x08000162   0x00000000   Code   RO         1698    .ARM.Collect$$libinit$$00000013  c_w.l(libinit2.o)
    0x08000162   0x00000000   Code   RO         1700    .ARM.Collect$$libinit$$00000015  c_w.l(libinit2.o)
    0x08000162   0x00000000   Code   RO         1702    .ARM.Collect$$libinit$$00000017  c_w.l(libinit2.o)
    0x08000162   0x00000000   Code   RO         1704    .ARM.Collect$$libinit$$00000019  c_w.l(libinit2.o)
    0x08000162   0x00000000   Code   RO         1706    .ARM.Collect$$libinit$$0000001B  c_w.l(libinit2.o)
    0x08000162   0x00000000   Code   RO         1708    .ARM.Collect$$libinit$$0000001D  c_w.l(libinit2.o)
    0x08000162   0x00000000   Code   RO         1710    .ARM.Collect$$libinit$$0000001F  c_w.l(libinit2.o)
    0x08000162   0x00000000   Code   RO         1712    .ARM.Collect$$libinit$$00000021  c_w.l(libinit2.o)
    0x08000162   0x00000000   Code   RO         1714    .ARM.Collect$$libinit$$00000023  c_w.l(libinit2.o)
    0x08000162   0x00000000   Code   RO         1716    .ARM.Collect$$libinit$$00000025  c_w.l(libinit2.o)
    0x08000162   0x00000000   Code   RO         1720    .ARM.Collect$$libinit$$0000002C  c_w.l(libinit2.o)
    0x08000162   0x00000000   Code   RO         1722    .ARM.Collect$$libinit$$0000002E  c_w.l(libinit2.o)
    0x08000162   0x00000000   Code   RO         1724    .ARM.Collect$$libinit$$00000030  c_w.l(libinit2.o)
    0x08000162   0x00000000   Code   RO         1726    .ARM.Collect$$libinit$$00000032  c_w.l(libinit2.o)
    0x08000162   0x00000002   Code   RO         1727    .ARM.Collect$$libinit$$00000033  c_w.l(libinit2.o)
    0x08000164   0x00000002   Code   RO         1749    .ARM.Collect$$libshutdown$$00000000  c_w.l(libshutdown.o)
    0x08000166   0x00000000   Code   RO         1762    .ARM.Collect$$libshutdown$$00000002  c_w.l(libshutdown2.o)
    0x08000166   0x00000000   Code   RO         1764    .ARM.Collect$$libshutdown$$00000004  c_w.l(libshutdown2.o)
    0x08000166   0x00000000   Code   RO         1767    .ARM.Collect$$libshutdown$$00000007  c_w.l(libshutdown2.o)
    0x08000166   0x00000000   Code   RO         1770    .ARM.Collect$$libshutdown$$0000000A  c_w.l(libshutdown2.o)
    0x08000166   0x00000000   Code   RO         1772    .ARM.Collect$$libshutdown$$0000000C  c_w.l(libshutdown2.o)
    0x08000166   0x00000000   Code   RO         1775    .ARM.Collect$$libshutdown$$0000000F  c_w.l(libshutdown2.o)
    0x08000166   0x00000002   Code   RO         1776    .ARM.Collect$$libshutdown$$00000010  c_w.l(libshutdown2.o)
    0x08000168   0x00000000   Code   RO         1582    .ARM.Collect$$rtentry$$00000000  c_w.l(__rtentry.o)
    0x08000168   0x00000000   Code   RO         1639    .ARM.Collect$$rtentry$$00000002  c_w.l(__rtentry2.o)
    0x08000168   0x00000006   Code   RO         1651    .ARM.Collect$$rtentry$$00000004  c_w.l(__rtentry4.o)
    0x0800016e   0x00000000   Code   RO         1641    .ARM.Collect$$rtentry$$00000009  c_w.l(__rtentry2.o)
    0x0800016e   0x00000004   Code   RO         1642    .ARM.Collect$$rtentry$$0000000A  c_w.l(__rtentry2.o)
    0x08000172   0x00000000   Code   RO         1644    .ARM.Collect$$rtentry$$0000000C  c_w.l(__rtentry2.o)
    0x08000172   0x00000008   Code   RO         1645    .ARM.Collect$$rtentry$$0000000D  c_w.l(__rtentry2.o)
    0x0800017a   0x00000002   Code   RO         1681    .ARM.Collect$$rtexit$$00000000  c_w.l(rtexit.o)
    0x0800017c   0x00000000   Code   RO         1731    .ARM.Collect$$rtexit$$00000002  c_w.l(rtexit2.o)
    0x0800017c   0x00000004   Code   RO         1732    .ARM.Collect$$rtexit$$00000003  c_w.l(rtexit2.o)
    0x08000180   0x00000006   Code   RO         1733    .ARM.Collect$$rtexit$$00000004  c_w.l(rtexit2.o)
    0x08000186   0x00000002   PAD
    0x08000188   0x0000028c   Code   RO            4    .text               main.o
    0x08000414   0x00000134   Code   RO          159    .text               system_stm32f10x.o
    0x08000548   0x0000003c   Code   RO          217    .text               startup_stm32f103x6.o
    0x08000584   0x00000428   Code   RO          225    .text               stm32f10x_adc.o
    0x080009ac   0x00000240   Code   RO          439    .text               stm32f10x_dma.o
    0x08000bec   0x000001c8   Code   RO          518    .text               stm32f10x_gpio.o
    0x08000db4   0x000000b4   Code   RO          657    .text               stm32f10x_rcc.o
    0x08000e68   0x00000b1c   Code   RO          891    .text               stm32f10x_tim.o
    0x08001984   0x0000011c   Code   RO         1370    .text               motor_voltage.o
    0x08001aa0   0x00000104   Code   RO         1404    .text               adc.o
    0x08001ba4   0x00000164   Code   RO         1435    .text               motor_regulator.o
    0x08001d08   0x000005ac   Code   RO         1462    .text               motor_revert.o
    0x080022b4   0x00000006   Code   RO         1494    .text               c_w.l(heapauxi.o)
    0x080022ba   0x00000016   Code   RO         1583    .text               c_w.l(_rserrno.o)
    0x080022d0   0x00000008   Code   RO         1656    .text               c_w.l(rt_errno_addr_intlibspace.o)
    0x080022d8   0x00000008   Code   RO         1664    .text               c_w.l(libspace.o)
    0x080022e0   0x0000004a   Code   RO         1667    .text               c_w.l(sys_stackheap_outer.o)
    0x0800232a   0x00000012   Code   RO         1669    .text               c_w.l(exit.o)
    0x0800233c   0x0000000c   Code   RO         1741    .text               c_w.l(sys_exit.o)
    0x08002348   0x00000002   Code   RO         1752    .text               c_w.l(use_no_semi.o)
    0x0800234a   0x00000000   Code   RO         1754    .text               c_w.l(indicate_semi.o)
    0x0800234a   0x00000026   Code   RO         1618    i.__ARM_fpclassifyf  m_ws.l(fpclassifyf.o)
    0x08002370   0x0000000e   Code   RO         1608    i.__mathlib_dbl_overflow  m_ws.l(dunder.o)
    0x0800237e   0x00000002   PAD
    0x08002380   0x00000010   Code   RO         1610    i.__mathlib_dbl_underflow  m_ws.l(dunder.o)
    0x08002390   0x00000006   Code   RO         1621    i.__mathlib_flt_infnan  m_ws.l(funder.o)
    0x08002396   0x00000008   Code   RO         1623    i.__mathlib_flt_invalid  m_ws.l(funder.o)
    0x0800239e   0x0000000a   Code   RO         1626    i.__mathlib_flt_underflow  m_ws.l(funder.o)
    0x080023a8   0x00000168   Code   RO         1635    i.__mathlib_rredf2  m_ws.l(rredf.o)
    0x08002510   0x0000017c   Code   RO         1551    i.cosf              m_ws.l(cosf.o)
    0x0800268c   0x00000058   Code   RO         1559    i.frexp             m_ws.l(frexp.o)
    0x080026e4   0x00000074   Code   RO         1564    i.ldexp             m_ws.l(ldexp.o)
    0x08002758   0x00000188   Code   RO         1575    i.sinf              m_ws.l(sinf.o)
    0x080028e0   0x00000062   Code   RO         1498    x$fpl$d2f           fz_ws.l(d2f.o)
    0x08002942   0x00000002   PAD
    0x08002944   0x00000150   Code   RO         1500    x$fpl$dadd          fz_ws.l(daddsub_clz.o)
    0x08002a94   0x00000010   Code   RO         1658    x$fpl$dcheck1       fz_ws.l(dcheck1.o)
    0x08002aa4   0x00000018   Code   RO         1660    x$fpl$dcmpinf       fz_ws.l(dcmpi.o)
    0x08002abc   0x000002b0   Code   RO         1507    x$fpl$ddiv          fz_ws.l(ddiv.o)
    0x08002d6c   0x00000078   Code   RO         1585    x$fpl$deqf          fz_ws.l(deqf.o)
    0x08002de4   0x0000005e   Code   RO         1510    x$fpl$dfix          fz_ws.l(dfix.o)
    0x08002e42   0x0000002e   Code   RO         1515    x$fpl$dflt          fz_ws.l(dflt_clz.o)
    0x08002e70   0x00000154   Code   RO         1520    x$fpl$dmul          fz_ws.l(dmul.o)
    0x08002fc4   0x0000009c   Code   RO         1587    x$fpl$dnaninf       fz_ws.l(dnaninf.o)
    0x08003060   0x0000000c   Code   RO         1589    x$fpl$dretinf       fz_ws.l(dretinf.o)
    0x0800306c   0x000001d4   Code   RO         1502    x$fpl$dsub          fz_ws.l(daddsub_clz.o)
    0x08003240   0x00000056   Code   RO         1522    x$fpl$f2d           fz_ws.l(f2d.o)
    0x08003296   0x00000002   PAD
    0x08003298   0x000000c4   Code   RO         1524    x$fpl$fadd          fz_ws.l(faddsub_clz.o)
    0x0800335c   0x0000000c   Code   RO         1677    x$fpl$fcheck1       fz_ws.l(fcheck1.o)
    0x08003368   0x00000018   Code   RO         1591    x$fpl$fcmpinf       fz_ws.l(fcmpi.o)
    0x08003380   0x00000184   Code   RO         1531    x$fpl$fdiv          fz_ws.l(fdiv.o)
    0x08003504   0x00000068   Code   RO         1534    x$fpl$feqf          fz_ws.l(feqf.o)
    0x0800356c   0x00000036   Code   RO         1536    x$fpl$ffix          fz_ws.l(ffix.o)
    0x080035a2   0x00000002   PAD
    0x080035a4   0x00000030   Code   RO         1541    x$fpl$fflt          fz_ws.l(fflt_clz.o)
    0x080035d4   0x00000026   Code   RO         1540    x$fpl$ffltu         fz_ws.l(fflt_clz.o)
    0x080035fa   0x00000002   PAD
    0x080035fc   0x00000068   Code   RO         1546    x$fpl$fleqf         fz_ws.l(fleqf.o)
    0x08003664   0x00000102   Code   RO         1548    x$fpl$fmul          fz_ws.l(fmul.o)
    0x08003766   0x0000008c   Code   RO         1593    x$fpl$fnaninf       fz_ws.l(fnaninf.o)
    0x080037f2   0x0000000a   Code   RO         1595    x$fpl$fretinf       fz_ws.l(fretinf.o)
    0x080037fc   0x00000060   Code   RO         1597    x$fpl$frnd          fz_ws.l(frnd.o)
    0x0800385c   0x00000014   Code   RO         1525    x$fpl$frsb          fz_ws.l(faddsub_clz.o)
    0x08003870   0x000000ea   Code   RO         1526    x$fpl$fsub          fz_ws.l(faddsub_clz.o)
    0x0800395a   0x00000064   Code   RO         1679    x$fpl$retnan        fz_ws.l(retnan.o)
    0x080039be   0x0000005c   Code   RO         1601    x$fpl$scalbn        fz_ws.l(scalbn.o)
    0x08003a1a   0x0000004c   Code   RO         1662    x$fpl$scalbnf       fz_ws.l(scalbnf.o)
    0x08003a66   0x00000030   Code   RO         1728    x$fpl$trapveneer    fz_ws.l(trapv.o)
    0x08003a96   0x00000000   Code   RO         1603    x$fpl$usenofp       fz_ws.l(usenofp.o)
    0x08003a96   0x00000002   PAD
    0x08003a98   0x0000001e   Data   RO         1405    .constdata          adc.o
    0x08003ab6   0x00000002   PAD
    0x08003ab8   0x00000020   Data   RO         1636    .constdata          m_ws.l(rredf.o)
    0x08003ad8   0x00000020   Data   RO         1807    Region$$Table       anon$$obj.o


    Execution Region RW_IRAM1 (Base: 0x20000000, Size: 0x00000518, Max: 0x00002800, ABSOLUTE)

    Base Addr    Size         Type   Attr      Idx    E Section Name        Object

    0x20000000   0x0000004c   Data   RW            7    .data               main.o
    0x2000004c   0x00000014   Data   RW          161    .data               system_stm32f10x.o
    0x20000060   0x00000004   Data   RW         1406    .data               adc.o
    0x20000064   0x00000024   Data   RW         1436    .data               motor_regulator.o
    0x20000088   0x0000002c   Data   RW         1463    .data               motor_revert.o
    0x200000b4   0x00000060   Zero   RW         1665    .bss                c_w.l(libspace.o)
    0x20000114   0x00000004   PAD
    0x20000118   0x00000000   Zero   RW          215    HEAP                startup_stm32f103x6.o
    0x20000118   0x00000400   Zero   RW          214    STACK               startup_stm32f103x6.o


==============================================================================

Image component sizes


      Code (inc. data)   RO Data    RW Data    ZI Data      Debug   Object Name

       260         20         30          4          0       2366   adc.o
       652         96          0         76          0     281465   main.o
       356         36          0         36          0       1461   motor_regulator.o
      1452         82          0         44          0       5123   motor_revert.o
       284         16          0          0          0       1047   motor_voltage.o
        60         22        236          0       1024        828   startup_stm32f103x6.o
      1064         50          0          0          0       4280   stm32f10x_adc.o
       576         36          0          0          0       2643   stm32f10x_dma.o
       456         62          0          0          0       2228   stm32f10x_gpio.o
       180         36          0          0          0        871   stm32f10x_rcc.o
      2844        202          0          0          0       6370   stm32f10x_tim.o
       308         16          0         20          0     211801   system_stm32f10x.o

    ----------------------------------------------------------------------
      8492        674        300        180       1024     520483   Object Totals
         0          0         32          0          0          0   (incl. Generated)
         0          0          2          0          0          0   (incl. Padding)

    ----------------------------------------------------------------------

      Code (inc. data)   RO Data    RW Data    ZI Data      Debug   Library Member Name

         8          0          0          0          0         68   __main.o
         0          0          0          0          0          0   __rtentry.o
        12          0          0          0          0          0   __rtentry2.o
         6          0          0          0          0          0   __rtentry4.o
        52          8          0          0          0          0   __scatter.o
        26          0          0          0          0          0   __scatter_copy.o
        28          0          0          0          0          0   __scatter_zi.o
        22          0          0          0          0        100   _rserrno.o
        18          0          0          0          0         80   exit.o
         6          0          0          0          0        152   heapauxi.o
         0          0          0          0          0          0   indicate_semi.o
         2          0          0          0          0          0   libinit.o
         2          0          0          0          0          0   libinit2.o
         2          0          0          0          0          0   libshutdown.o
         2          0          0          0          0          0   libshutdown2.o
         8          4          0          0         96         68   libspace.o
         8          4          0          0          0         68   rt_errno_addr_intlibspace.o
         2          0          0          0          0          0   rtexit.o
        10          0          0          0          0          0   rtexit2.o
        12          4          0          0          0         68   sys_exit.o
        74          0          0          0          0         80   sys_stackheap_outer.o
         2          0          0          0          0         68   use_no_semi.o
        98          4          0          0          0         92   d2f.o
       804         16          0          0          0        272   daddsub_clz.o
        16          4          0          0          0         68   dcheck1.o
        24          0          0          0          0         68   dcmpi.o
       688        140          0          0          0        208   ddiv.o
       120          4          0          0          0         92   deqf.o
        94          4          0          0          0         92   dfix.o
        46          0          0          0          0         68   dflt_clz.o
       340         12          0          0          0        104   dmul.o
       156          4          0          0          0         92   dnaninf.o
        12          0          0          0          0         68   dretinf.o
        86          4          0          0          0         84   f2d.o
       450          8          0          0          0        236   faddsub_clz.o
        12          4          0          0          0         68   fcheck1.o
        24          0          0          0          0         68   fcmpi.o
       388         76          0          0          0         96   fdiv.o
       104          4          0          0          0         84   feqf.o
        54          4          0          0          0         84   ffix.o
        86          0          0          0          0        136   fflt_clz.o
       104          4          0          0          0         84   fleqf.o
       258          4          0          0          0         84   fmul.o
       140          4          0          0          0         84   fnaninf.o
        10          0          0          0          0         68   fretinf.o
        96          4          0          0          0         76   frnd.o
       100          0          0          0          0         68   retnan.o
        92          0          0          0          0         68   scalbn.o
        76          0          0          0          0         68   scalbnf.o
        48          0          0          0          0         68   trapv.o
         0          0          0          0          0          0   usenofp.o
       380         52          0          0          0        124   cosf.o
        30          6          0          0          0        136   dunder.o
        38          0          0          0          0         68   fpclassifyf.o
        88          8          0          0          0         76   frexp.o
        24          0          0          0          0        204   funder.o
       116          0          0          0          0         84   ldexp.o
       360         16         32          0          0         88   rredf.o
       392         54          0          0          0        124   sinf.o

    ----------------------------------------------------------------------
      6272        460         32          0        100       4404   Library Totals
        16          0          0          0          4          0   (incl. Padding)

    ----------------------------------------------------------------------

      Code (inc. data)   RO Data    RW Data    ZI Data      Debug   Library Name

       302         20          0          0         96        752   c_w.l
      4526        304          0          0          0       2748   fz_ws.l
      1428        136         32          0          0        904   m_ws.l

    ----------------------------------------------------------------------
      6272        460         32          0        100       4404   Library Totals

    ----------------------------------------------------------------------

==============================================================================


      Code (inc. data)   RO Data    RW Data    ZI Data      Debug   

     14764       1134        332        180       1124     521659   Grand Totals
     14764       1134        332        180       1124     521659   ELF Image Totals
     14764       1134        332        180          0          0   ROM Totals

==============================================================================

    Total RO  Size (Code + RO Data)                15096 (  14.74kB)
    Total RW  Size (RW Data + ZI Data)              1304 (   1.27kB)
    Total ROM Size (Code + RO Data + RW Data)      15276 (  14.92kB)

==============================================================================

